2017-04-26 14:53:02.041 595544 DEBUG oslo_concurrency.processutils [req-c4434725-9b8d-4fe3-b41c-fcf7b89869a5 - - - - -] Running cmd (subprocess): /usr/bin/python2 -m oslo_concurrency.prlimit --as=1073741824 --cpu=2 -- env LC_ALL=C LANG=C qemu-img info /var/lib/nova/instances/e9a6c92f-1e41-48d6-977f-5b60ba104688/disk.swap execute /usr/lib/python2.7/site-packages/oslo_concurrency/processutils.py:344","spriority":"191","hostname":"overcloud-compute-1","protocol":"TCP","port":"7790","sender":"/192.168.1.16","service":"Nova","id":"de954266-3a68-4e97-a7f5-bbbe27980cfd","facility":"23","timestamp":"2017-04-26T14:53:03.558932+00:00"}
{"severity":"7","body":"nova-compute - - -
2017-04-26 14:53:02.426 595544 DEBUG nova.compute.resource_tracker [req-c4434725-9b8d-4fe3-b41c-fcf7b89869a5 - - - - -] Hypervisor: free VCPUs: 12 _report_hypervisor_resource_view /usr/lib/python2.7/site-packages/nova/compute/resource_tracker.py:623","spriority":"191","hostname":"overcloud-compute-1","protocol":"TCP","port":"7790","sender":"/192.168.1.16","service":"Nova","id":"d6b8136e-ff01-48ba-af38-a4f3fbcfd39e","facility":"23","timestamp":"2017-04-26T14:53:03.558982+00:00"}
{"severity":"7","body":"nova-compute - - -
2017-04-26 14:53:02.468 595544 DEBUG oslo_messaging._drivers.amqpdriver [-] received reply msg_id: e005f354ec114b8d970564537904d203 __call__ /usr/lib/python2.7/site-packages/oslo_messaging/_drivers/amqpdriver.py:296","spriority":"191","hostname":"overcloud-compute-1","protocol":"TCP","port":"7790","sender":"/192.168.1.16","service":"Nova","id":"7c44f239-3d86-4594-a7bf-08701818b934","facility":"23","timestamp":"2017-04-26T14:53:03.559199+00:00"}
{"severity":"7","body":"nova-compute - - -
2017-04-26 14:53:02.558 595544 DEBUG oslo_messaging._drivers.amqpdriver [-] received reply msg_id: efb982738f694c2a93afedeea61b56a9 __call__ /usr/lib/python2.7/site-packages/oslo_messaging/_drivers/amqpdriver.py:296","spriority":"191","hostname":"overcloud-compute-1","protocol":"TCP","port":"7790","sender":"/192.168.1.16","service":"Nova","id":"e5b088cf-2290-40a7-97c4-3adde0ac39d9","facility":"23","timestamp":"2017-04-26T14:53:03.559217+00:00"}
{"severity":"7","body":"nova-compute - - -
2017-04-26 14:53:02.606 595544 DEBUG oslo_messaging._drivers.amqpdriver [-] received reply msg_id: d992fc68d74b4a0181cf42a0b6ad3c33 __call__ /usr/lib/python2.7/site-packages/oslo_messaging/_drivers/amqpdriver.py:296","spriority":"191","hostname":"overcloud-compute-1","protocol":"TCP","port":"7790","sender":"/192.168.1.16","service":"Nova","id":"ba662560-a288-47a4-893e-2e89276788dd","facility":"23","timestamp":"2017-04-26T14:53:03.559234+00:00"}
{"severity":"7","body":"nova-compute - - -
2017-04-26 14:53:01.766 595544 DEBUG oslo_messaging._drivers.amqpdriver [req-c4434725-9b8d-4fe3-b41c-fcf7b89869a5 - - - - -] CALL msg_id: 5c26989432064533a4f4cc0051e1fb99 exchange 'nova' topic 'conductor' _send /usr/lib/python2.7/site-packages/oslo_messaging/_drivers/amqpdriver.py:448","spriority":"191","hostname":"overcloud-compute-1","protocol":"TCP","port":"7790","sender":"/192.168.1.16","service":"Nova","id":"a480c82d-a5ef-468a-b68c-fefd0d49c75d","facility":"23","timestamp":"2017-04-26T14:53:03.558843+00:00"}
{"severity":"7","body":"nova-compute - - -
2017-04-26 14:53:01.962 595544 DEBUG oslo_concurrency.processutils [req-c4434725-9b8d-4fe3-b41c-fcf7b89869a5 - - - - -] CMD \"/usr/bin/python2 -m oslo_concurrency.prlimit --as=1073741824 --cpu=2 -- env LC_ALL=C LANG=C qemu-img info /var/lib/nova/instances/e9a6c92f-1e41-48d6-977f-5b60ba104688/disk\" returned: 0 in 0.081s execute /usr/lib/python2.7/site-packages/oslo_concurrency/processutils.py:374","spriority":"191","hostname":"overcloud-compute-1","protocol":"TCP","port":"7790","sender":"/192.168.1.16","service":"Nova","id":"1cbf3746-d6e4-4462-8c81-c5595f7068b1","facility":"23","timestamp":"2017-04-26T14:53:03.558906+00:00"}
{"severity":"7","body":"nova-compute - - -
2017-04-26 14:53:02.196 595544 DEBUG nova.virt.libvirt.driver [req-c4434725-9b8d-4fe3-b41c-fcf7b89869a5 - - - - -] skipping disk /var/lib/nova/mnt/a08e6150ab9922334f3ecde96c6154b2/volume-284bca08-ee6c-48e8-8578-5c1b4ed64fef (vdd) as it is a volume _get_instance_disk_info /usr/lib/python2.7/site-packages/nova/virt/libvirt/driver.py:6776","spriority":"191","hostname":"overcloud-compute-1","protocol":"TCP","port":"7790","sender":"/192.168.1.16","service":"Nova","id":"62084a28-9cf6-40d0-9c36-3cfa5d53ed3d","facility":"23","timestamp":"2017-04-26T14:53:03.558966+00:00"}
{"severity":"7","body":"nova-compute - - -
2017-04-26 14:53:02.470 595544 DEBUG oslo_messaging._drivers.amqpdriver [req-c4434725-9b8d-4fe3-b41c-fcf7b89869a5 - - - - -] CALL msg_id: f34bc93718cb44d5befe406c2b8ea0f3 exchange 'nova' topic 'conductor' _send /usr/lib/python2.7/site-packages/oslo_messaging/_drivers/amqpdriver.py:448","spriority":"191","hostname":"overcloud-compute-1","protocol":"TCP","port":"7790","sender":"/192.168.1.16","service":"Nova","id":"709c90b5-7429-4605-baf6-2adfd0500a76","facility":"23","timestamp":"2017-04-26T14:53:03.559204+00:00"}
{"severity":"7","body":"nova-compute - - -
2017-04-26 14:53:02.607 595544 INFO nova.compute.resource_tracker [req-c4434725-9b8d-4fe3-b41c-fcf7b89869a5 - - - - -] Compute_service record updated for overcloud-compute-1.localdomain:overcloud-compute-1.localdomain","spriority":"191","hostname":"overcloud-compute-1","protocol":"TCP","port":"7790","sender":"/192.168.1.16","service":"Nova","id":"6fed4095-811a-4a56-b805-38cd88ea6ec3","facility":"23","timestamp":"2017-04-26T14:53:03.559238+00:00"}
{"severity":"7","body":"nova-compute - - -
2017-04-26 14:53:01.786 595544 DEBUG oslo_messaging._drivers.amqpdriver [-] received reply msg_id: 5c26989432064533a4f4cc0051e1fb99 __call__ /usr/lib/python2.7/site-packages/oslo_messaging/_drivers/amqpdriver.py:296","spriority":"191","hostname":"overcloud-compute-1","protocol":"TCP","port":"7790","sender":"/192.168.1.16","service":"Nova","id":"719b3186-68f7-4ff6-b5b1-8977e8f36233","facility":"23","timestamp":"2017-04-26T14:53:03.558851+00:00"}
{"severity":"7","body":"nova-compute - - -
2017-04-26 14:53:01.963 595544 DEBUG oslo_concurrency.processutils [req-c4434725-9b8d-4fe3-b41c-fcf7b89869a5 - - - - -] Running cmd (subprocess): /usr/bin/python2 -m oslo_concurrency.prlimit --as=1073741824 --cpu=2 -- env LC_ALL=C LANG=C qemu-img info /var/lib/nova/instances/e9a6c92f-1e41-48d6-977f-5b60ba104688/disk execute /usr/lib/python2.7/site-packages/oslo_concurrency/processutils.py:344","spriority":"191","hostname":"overcloud-compute-1","protocol":"TCP","port":"7790","sender":"/192.168.1.16","service":"Nova","id":"f5caecc8-bcec-4696-ab9f-a98db3cb9fb6","facility":"23","timestamp":"2017-04-26T14:53:03.558918+00:00"}
{"severity":"7","body":"nova-compute - - -
2017-04-26 14:53:02.196 595544 DEBUG nova.virt.libvirt.driver [req-c4434725-9b8d-4fe3-b41c-fcf7b89869a5 - - - - -] skipping disk /var/lib/nova/mnt/a08e6150ab9922334f3ecde96c6154b2/volume-40fa2a27-6fa6-4c27-a8fa-15c17f8b26f5 (vde) as it is a volume _get_instance_disk_info /usr/lib/python2.7/site-packages/nova/virt/libvirt/driver.py:6776","spriority":"191","hostname":"overcloud-compute-1","protocol":"TCP","port":"7790","sender":"/192.168.1.16","service":"Nova","id":"21c125e6-968e-4520-938f-c86bfce2d733","facility":"23","timestamp":"2017-04-26T14:53:03.558971+00:00"}
{"severity":"7","body":"neutron - - -
2017-04-26 14:53:03.123 666667 INFO neutron.network.keedio_redhat [ Generating synthetic log CEP_ID=7752c2b6374a66fa26ead531e19780a0 ]","spriority":"191","hostname":"overcloud-controller-1","protocol":"TCP","port":"7793","sender":"/192.168.1.13","service":"Neutron","id":"e0ea90ec-4a1b-4a05-8ac9-0cfd640ba6c1","facility":"23","timestamp":"2017-04-26T14:53:09.888258+00:00"}
{"severity":"7","body":"nova-compute - - -
2017-04-26 14:53:06.764 595544 DEBUG oslo_service.periodic_task [req-c4434725-9b8d-4fe3-b41c-fcf7b89869a5 - - - - -] Running periodic task ComputeManager._poll_unconfirmed_resizes run_periodic_tasks /usr/lib/python2.7/site-packages/oslo_service/periodic_task.py:215","spriority":"191","hostname":"overcloud-compute-1","protocol":"TCP","port":"7790","sender":"/192.168.1.16","service":"Nova","id":"fffe0a43-6ac9-44af-9153-91a2480a304b","facility":"23","timestamp":"2017-04-26T14:53:13.568969+00:00"}
{"severity":"7","body":"nova-compute - - -
2017-04-26 14:53:12.766 595544 DEBUG nova.compute.manager [req-c4434725-9b8d-4fe3-b41c-fcf7b89869a5 - - - - -] CONF.reclaim_instance_interval <= 0, skipping... _reclaim_queued_deletes /usr/lib/python2.7/site-packages/nova/compute/manager.py:6381","spriority":"191","hostname":"overcloud-compute-1","protocol":"TCP","port":"7790","sender":"/192.168.1.16","service":"Nova","id":"df70268f-aa4a-4746-be1f-bdac12c5f8ff","facility":"23","timestamp":"2017-04-26T14:53:13.568991+00:00"}
{"severity":"7","body":"nova-compute - - -
2017-04-26 14:53:07.758 595544 DEBUG oslo_service.periodic_task [req-c4434725-9b8d-4fe3-b41c-fcf7b89869a5 - - - - -] Running periodic task ComputeManager._check_instance_build_time run_periodic_tasks /usr/lib/python2.7/site-packages/oslo_service/periodic_task.py:215","spriority":"191","hostname":"overcloud-compute-1","protocol":"TCP","port":"7790","sender":"/192.168.1.16","service":"Nova","id":"4886fa55-d095-409f-81fe-3452e6f0d9a7","facility":"23","timestamp":"2017-04-26T14:53:13.568980+00:00"}
{"severity":"7","body":"nova-compute - - -
2017-04-26 14:53:13.503 595544 DEBUG oslo_messaging._drivers.amqpdriver [-] CALL msg_id: 0f147fb0f7354df097fa7d53e753f62d exchange 'nova' topic 'conductor' _send /usr/lib/python2.7/site-packages/oslo_messaging/_drivers/amqpdriver.py:448","spriority":"191","hostname":"overcloud-compute-1","protocol":"TCP","port":"7790","sender":"/192.168.1.16","service":"Nova","id":"bd546f25-4ed5-4496-8093-5a2a05b9cbfe","facility":"23","timestamp":"2017-04-26T14:53:13.568996+00:00"}
{"severity":"7","body":"nova-compute - - -
2017-04-26 14:53:12.766 595544 DEBUG oslo_service.periodic_task [req-c4434725-9b8d-4fe3-b41c-fcf7b89869a5 - - - - -] Running periodic task ComputeManager._reclaim_queued_deletes run_periodic_tasks /usr/lib/python2.7/site-packages/oslo_service/periodic_task.py:215","spriority":"191","hostname":"overcloud-compute-1","protocol":"TCP","port":"7790","sender":"/192.168.1.16","service":"Nova","id":"09486495-e3ea-406e-b8ef-4a905fd8f7ee","facility":"23","timestamp":"2017-04-26T14:53:13.568986+00:00"}
{"severity":"7","body":"nova-compute - - -
2017-04-26 14:53:13.531 595544 DEBUG oslo_messaging._drivers.amqpdriver [-] received reply msg_id: 0f147fb0f7354df097fa7d53e753f62d __call__ /usr/lib/python2.7/site-packages/oslo_messaging/_drivers/amqpdriver.py:296","spriority":"191","hostname":"overcloud-compute-1","protocol":"TCP","port":"7790","sender":"/192.168.1.16","service":"Nova","id":"0078e901-8390-4614-9bb6-47271f875f4b","facility":"23","timestamp":"2017-04-26T14:53:13.569000+00:00"}
{"severity":"7","body":"neutron - - -
2017-04-26 14:53:13.927 125425 INFO neutron.wsgi [req-1ebf968d-1728-4606-9747-70e44a24ad5a 53fd1c7e36f54ae9a666ac0bb718e845 2cddb9a9318841728123a404dbe6e573 - - -] 192.168.1.12 - - [26/Apr/2017 14:53:13] \"GET /v2.0/networks.json?id=fe7bd56e-fe8e-4fb2-b8c3-cc0705b41019 HTTP/1.1\" 200 916 0.233196","spriority":"191","hostname":"overcloud-controller-1","protocol":"TCP","port":"7793","sender":"/192.168.1.13","service":"Neutron","id":"5cf9abb6-ffc0-4e5d-b525-b8cbef847e6b","facility":"23","timestamp":"2017-04-26T14:53:19.898313+00:00"}
{"severity":"7","body":"neutron - - -
2017-04-26 14:53:19.303 125425 INFO neutron.wsgi [req-6282c9d3-87a8-4ef5-8a01-cd1bf80375c2 53fd1c7e36f54ae9a666ac0bb718e845 2cddb9a9318841728123a404dbe6e573 - - -] 192.168.1.12 - - [26/Apr/2017 14:53:19] \"GET /v2.0/floatingips.json?fixed_ip_address=10.10.10.32&port_id=ddac6ebf-1eb2-4a3e-843d-809029423c55 HTTP/1.1\" 200 718 0.023235","spriority":"191","hostname":"overcloud-controller-1","protocol":"TCP","port":"7793","sender":"/192.168.1.13","service":"Neutron","id":"c90f3457-6a4b-46f4-b492-8a8a7160508c","facility":"23","timestamp":"2017-04-26T14:53:19.898330+00:00"}
{"severity":"7","body":"neutron - - -
2017-04-26 14:53:14.247 125425 INFO neutron.wsgi [req-5411a770-8620-46b4-af20-8677a6c2deae 53fd1c7e36f54ae9a666ac0bb718e845 2cddb9a9318841728123a404dbe6e573 - - -] 192.168.1.12 - - [26/Apr/2017 14:53:14] \"GET /v2.0/ports.json?network_id=fe7bd56e-fe8e-4fb2-b8c3-cc0705b41019&device_owner=network%3Adhcp HTTP/1.1\" 200 3110 0.054453","spriority":"191","hostname":"overcloud-controller-1","protocol":"TCP","port":"7793","sender":"/192.168.1.13","service":"Neutron","id":"1e7cbc6d-e23b-4ef3-b0a8-b96a8386adfd","facility":"23","timestamp":"2017-04-26T14:53:19.898325+00:00"}
{"severity":"7","body":"neutron - - -
2017-04-26 14:53:17.123 666667 INFO neutron.network.keedio_redhat [ Generating synthetic log CEP_ID=11e06b328c91e269883a59235e2a5afa ]","spriority":"191","hostname":"overcloud-controller-1","protocol":"TCP","port":"7793","sender":"/192.168.1.13","service":"Neutron","id":"ad434a1c-05d6-4a53-9ddc-62a8f2d7d5f6","facility":"23","timestamp":"2017-04-26T14:53:19.898437+00:00"}
{"severity":"7","body":"nova-compute - - -
2017-04-26 14:53:13.321 666666 ERROR nova.compute.keedio_redhat [ Generating synthetic log CEP_ID=11e06b328c91e269883a59235e2a5afa ]","spriority":"191","hostname":"overcloud-compute-1","protocol":"TCP","port":"7790","sender":"/192.168.1.16","service":"Nova","id":"41d972ec-7f1a-4181-8f5b-123abec9cf02","facility":"23","timestamp":"2017-04-26T14:53:23.579480+00:00"}
{"severity":"7","body":"nova-compute - - -
2017-04-26 14:53:23.536 595544 DEBUG oslo_messaging._drivers.amqpdriver [-] received reply msg_id: b6f149cac0c44fe2845a8a877de29386 __call__ /usr/lib/python2.7/site-packages/oslo_messaging/_drivers/amqpdriver.py:296","spriority":"191","hostname":"overcloud-compute-1","protocol":"TCP","port":"7790","sender":"/192.168.1.16","service":"Nova","id":"f0dcef23-1b94-47fd-a2b0-69d9a1fdfecb","facility":"23","timestamp":"2017-04-26T14:53:23.579333+00:00"}
{"severity":"7","body":"nova-compute - - -
2017-04-26 14:53:23.504 595544 DEBUG oslo_messaging._drivers.amqpdriver [-] CALL msg_id: b6f149cac0c44fe2845a8a877de29386 exchange 'nova' topic 'conductor' _send /usr/lib/python2.7/site-packages/oslo_messaging/_drivers/amqpdriver.py:448","spriority":"191","hostname":"overcloud-compute-1","protocol":"TCP","port":"7790","sender":"/192.168.1.16","service":"Nova","id":"1070556a-b335-47a0-a772-6e90a2aab0f2","facility":"23","timestamp":"2017-04-26T14:53:23.579318+00:00"}
{"severity":"7","body":"neutron - - -
2017-04-26 14:53:28.839 125425 INFO neutron.wsgi [req-26660051-2bfc-4649-a863-aee40aa19150 53fd1c7e36f54ae9a666ac0bb718e845 2cddb9a9318841728123a404dbe6e573 - - -] 192.168.1.12 - - [26/Apr/2017 14:53:28] \"GET /v2.0/subnets.json?id=2859fdcc-a4a3-4a80-afb0-f15062663628 HTTP/1.1\" 200 846 0.078984","spriority":"191","hostname":"overcloud-controller-1","protocol":"TCP","port":"7793","sender":"/192.168.1.13","service":"Neutron","id":"f8dc31b4-296a-412a-a487-4e3d246181af","facility":"23","timestamp":"2017-04-26T14:53:29.905075+00:00"}
{"severity":"7","body":"neutron - - -
2017-04-26 14:53:28.644 125425 INFO neutron.wsgi [req-1be31c9e-7f11-4577-887e-7af50d37bcb6 53fd1c7e36f54ae9a666ac0bb718e845 2cddb9a9318841728123a404dbe6e573 - - -] 192.168.1.12 - - [26/Apr/2017 14:53:28] \"GET /v2.0/ports.json?tenant_id=80aae9ddea9443a0ae6b019266b45da8&device_id=cf65546e-7ba3-4c90-b22d-cf009d769774 HTTP/1.1\" 200 1153 0.059523","spriority":"191","hostname":"overcloud-controller-1","protocol":"TCP","port":"7793","sender":"/192.168.1.13","service":"Neutron","id":"9db5a421-63d6-44d8-9bc3-6a785b74aebd","facility":"23","timestamp":"2017-04-26T14:53:29.905064+00:00"}
{"severity":"7","body":"nova-compute - - -
2017-04-26 14:53:28.778 595544 DEBUG oslo_messaging._drivers.amqpdriver [-] received reply msg_id: 4a5e53653d43409eaa1caef7d3e89025 __call__ /usr/lib/python2.7/site-packages/oslo_messaging/_drivers/amqpdriver.py:296","spriority":"191","hostname":"overcloud-compute-1","protocol":"TCP","port":"7790","sender":"/192.168.1.16","service":"Nova","id":"deecd772-26e8-47b8-9974-69d8142b0353","facility":"23","timestamp":"2017-04-26T14:53:33.581834+00:00"}
{"severity":"7","body":"nova-compute - - -
2017-04-26 14:53:27.797 595544 DEBUG oslo_messaging._drivers.amqpdriver [-] received reply msg_id: b0aeaebe48e945649a4e3fec5d43a58b __call__ /usr/lib/python2.7/site-packages/oslo_messaging/_drivers/amqpdriver.py:296","spriority":"191","hostname":"overcloud-compute-1","protocol":"TCP","port":"7790","sender":"/192.168.1.16","service":"Nova","id":"d61c921a-8a4c-404f-8af3-f9bf18c2c4bf","facility":"23","timestamp":"2017-04-26T14:53:33.581808+00:00"}
{"severity":"7","body":"nova-compute - - -
2017-04-26 14:53:33.536 595544 DEBUG oslo_messaging._drivers.amqpdriver [-] received reply msg_id: a7ca7065c973418da371a161877fc44d __call__ /usr/lib/python2.7/site-packages/oslo_messaging/_drivers/amqpdriver.py:296","spriority":"191","hostname":"overcloud-compute-1","protocol":"TCP","port":"7790","sender":"/192.168.1.16","service":"Nova","id":"5c4bef34-439a-46ba-9e3b-cae4d519e9c0","facility":"23","timestamp":"2017-04-26T14:53:33.581847+00:00"}
{"severity":"7","body":"nova-compute - - -
2017-04-26 14:53:28.762 595544 DEBUG nova.compute.manager [req-c4434725-9b8d-4fe3-b41c-fcf7b89869a5 - - - - -] Cleaning up deleted instances with incomplete migration  _cleanup_incomplete_migrations /usr/lib/python2.7/site-packages/nova/compute/manager.py:6758","spriority":"191","hostname":"overcloud-compute-1","protocol":"TCP","port":"7790","sender":"/192.168.1.16","service":"Nova","id":"047a6bd6-5ac7-4179-b9c0-2efa9d1c3e6f","facility":"23","timestamp":"2017-04-26T14:53:33.581823+00:00"}
{"severity":"7","body":"nova-compute - - -
2017-04-26 14:53:27.761 595544 DEBUG oslo_service.periodic_task [req-c4434725-9b8d-4fe3-b41c-fcf7b89869a5 - - - - -] Running periodic task ComputeManager._sync_scheduler_instance_info run_periodic_tasks /usr/lib/python2.7/site-packages/oslo_service/periodic_task.py:215","spriority":"191","hostname":"overcloud-compute-1","protocol":"TCP","port":"7790","sender":"/192.168.1.16","service":"Nova","id":"a475b3b9-4682-4654-8253-56df1da49b52","facility":"23","timestamp":"2017-04-26T14:53:33.581791+00:00"}
{"severity":"7","body":"nova-compute - - -
2017-04-26 14:53:30.779 595544 DEBUG oslo_service.periodic_task [req-c4434725-9b8d-4fe3-b41c-fcf7b89869a5 - - - - -] Running periodic task ComputeManager._poll_rebooting_instances run_periodic_tasks /usr/lib/python2.7/site-packages/oslo_service/periodic_task.py:215","spriority":"191","hostname":"overcloud-compute-1","protocol":"TCP","port":"7790","sender":"/192.168.1.16","service":"Nova","id":"59170876-f7e1-4df6-ad0e-7d9aa8fa9403","facility":"23","timestamp":"2017-04-26T14:53:33.581839+00:00"}
{"severity":"7","body":"nova-compute - - -
2017-04-26 14:53:27.799 595544 DEBUG oslo_messaging._drivers.amqpdriver [req-c4434725-9b8d-4fe3-b41c-fcf7b89869a5 - - - - -] CAST unique_id: 027a067c60f94c649c9f95cc59d968cf FANOUT topic 'scheduler' _send /usr/lib/python2.7/site-packages/oslo_messaging/_drivers/amqpdriver.py:437","spriority":"191","hostname":"overcloud-compute-1","protocol":"TCP","port":"7790","sender":"/192.168.1.16","service":"Nova","id":"7ded0b11-0b7f-4ba3-8930-f2cac722ce9c","facility":"23","timestamp":"2017-04-26T14:53:33.581813+00:00"}
{"severity":"7","body":"nova-compute - - -
2017-04-26 14:53:27.321 666666 ERROR nova.compute.keedio_redhat [ Generating synthetic log CEP_ID=274bb29a87c587a8736d6e85fd3571e2 ]","spriority":"191","hostname":"overcloud-compute-1","protocol":"TCP","port":"7790","sender":"/192.168.1.16","service":"Nova","id":"d7458837-040d-40b9-a637-cbd5a589ac78","facility":"23","timestamp":"2017-04-26T14:53:33.582220+00:00"}
{"severity":"7","body":"nova-compute - - -
2017-04-26 14:53:28.763 595544 DEBUG oslo_messaging._drivers.amqpdriver [req-c4434725-9b8d-4fe3-b41c-fcf7b89869a5 - - - - -] CALL msg_id: 4a5e53653d43409eaa1caef7d3e89025 exchange 'nova' topic 'conductor' _send /usr/lib/python2.7/site-packages/oslo_messaging/_drivers/amqpdriver.py:448","spriority":"191","hostname":"overcloud-compute-1","protocol":"TCP","port":"7790","sender":"/192.168.1.16","service":"Nova","id":"8bed02c1-2ac0-4e1d-a02d-057009a12378","facility":"23","timestamp":"2017-04-26T14:53:33.581829+00:00"}
{"severity":"7","body":"nova-compute - - -
2017-04-26 14:53:27.764 595544 DEBUG oslo_messaging._drivers.amqpdriver [req-c4434725-9b8d-4fe3-b41c-fcf7b89869a5 - - - - -] CALL msg_id: b0aeaebe48e945649a4e3fec5d43a58b exchange 'nova' topic 'conductor' _send /usr/lib/python2.7/site-packages/oslo_messaging/_drivers/amqpdriver.py:448","spriority":"191","hostname":"overcloud-compute-1","protocol":"TCP","port":"7790","sender":"/192.168.1.16","service":"Nova","id":"8c52c7ce-48e8-4690-8555-ec64062b3f0b","facility":"23","timestamp":"2017-04-26T14:53:33.581802+00:00"}
{"severity":"7","body":"nova-compute - - -
2017-04-26 14:53:33.508 595544 DEBUG oslo_messaging._drivers.amqpdriver [-] CALL msg_id: a7ca7065c973418da371a161877fc44d exchange 'nova' topic 'conductor' _send /usr/lib/python2.7/site-packages/oslo_messaging/_drivers/amqpdriver.py:448","spriority":"191","hostname":"overcloud-compute-1","protocol":"TCP","port":"7790","sender":"/192.168.1.16","service":"Nova","id":"b89f84be-d74d-4aef-a636-10da50129533","facility":"23","timestamp":"2017-04-26T14:53:33.581843+00:00"}
{"severity":"7","body":"nova-compute - - -
2017-04-26 14:53:28.762 595544 DEBUG oslo_service.periodic_task [req-c4434725-9b8d-4fe3-b41c-fcf7b89869a5 - - - - -] Running periodic task ComputeManager._cleanup_incomplete_migrations run_periodic_tasks /usr/lib/python2.7/site-packages/oslo_service/periodic_task.py:215","spriority":"191","hostname":"overcloud-compute-1","protocol":"TCP","port":"7790","sender":"/192.168.1.16","service":"Nova","id":"e1365457-fb8e-4834-bf51-6f847c05139d","facility":"23","timestamp":"2017-04-26T14:53:33.581818+00:00"}
{"severity":"7","body":"neutron - - -
2017-04-26 14:53:30.123 666667 INFO neutron.network.keedio_redhat [ Generating synthetic log CEP_ID=274bb29a87c587a8736d6e85fd3571e2 ]","spriority":"191","hostname":"overcloud-controller-1","protocol":"TCP","port":"7793","sender":"/192.168.1.13","service":"Neutron","id":"89b690ee-a76d-44ad-9107-38468e9d13b3","facility":"23","timestamp":"2017-04-26T14:53:39.914149+00:00"}
{"severity":"7","body":"nova-compute - - -
2017-04-26 14:53:34.762 595544 DEBUG oslo_service.periodic_task [req-c4434725-9b8d-4fe3-b41c-fcf7b89869a5 - - - - -] Running periodic task ComputeManager._poll_rescued_instances run_periodic_tasks /usr/lib/python2.7/site-packages/oslo_service/periodic_task.py:215","spriority":"191","hostname":"overcloud-compute-1","protocol":"TCP","port":"7790","sender":"/192.168.1.16","service":"Nova","id":"b52c9ff6-4f55-40de-8b1c-407756deabe2","facility":"23","timestamp":"2017-04-26T14:53:43.591946+00:00"}
{"severity":"7","body":"nova-compute - - -
2017-04-26 14:53:43.540 595544 DEBUG oslo_messaging._drivers.amqpdriver [-] received reply msg_id: ba6415e053b84a26bdbf450435519d33 __call__ /usr/lib/python2.7/site-packages/oslo_messaging/_drivers/amqpdriver.py:296","spriority":"191","hostname":"overcloud-compute-1","protocol":"TCP","port":"7790","sender":"/192.168.1.16","service":"Nova","id":"e786b2e7-f196-40dd-899b-6d5b1aab26e6","facility":"23","timestamp":"2017-04-26T14:53:43.591963+00:00"}
{"severity":"7","body":"nova-compute - - -
2017-04-26 14:53:43.508 595544 DEBUG oslo_messaging._drivers.amqpdriver [-] CALL msg_id: ba6415e053b84a26bdbf450435519d33 exchange 'nova' topic 'conductor' _send /usr/lib/python2.7/site-packages/oslo_messaging/_drivers/amqpdriver.py:448","spriority":"191","hostname":"overcloud-compute-1","protocol":"TCP","port":"7790","sender":"/192.168.1.16","service":"Nova","id":"6523ab08-6953-4085-9cf6-86003bf35d09","facility":"23","timestamp":"2017-04-26T14:53:43.591958+00:00"}
{"severity":"7","body":"nova-compute - - -
2017-04-26 14:53:41.321 666666 ERROR nova.compute.keedio_redhat [ Generating synthetic log CEP_ID=097fc341ab1c542e452fe97797ce2411 ]","spriority":"191","hostname":"overcloud-compute-1","protocol":"TCP","port":"7790","sender":"/192.168.1.16","service":"Nova","id":"624fddcb-aad3-4841-85e9-074280a21a29","facility":"23","timestamp":"2017-04-26T14:53:43.592117+00:00"}
{"severity":"7","body":"neutron - - -
2017-04-26 14:53:44.123 666667 INFO neutron.network.keedio_redhat [ Generating synthetic log CEP_ID=097fc341ab1c542e452fe97797ce2411 ]","spriority":"191","hostname":"overcloud-controller-1","protocol":"TCP","port":"7793","sender":"/192.168.1.13","service":"Neutron","id":"0c3df83f-c6a8-4872-8d54-622fbd1a269c","facility":"23","timestamp":"2017-04-26T14:53:49.924952+00:00"}
{"severity":"7","body":"neutron - - -
2017-04-26 14:53:45.225 125425 INFO neutron.wsgi [req-e1099b9d-1ec5-4288-beab-ef1314452292 53fd1c7e36f54ae9a666ac0bb718e845 2cddb9a9318841728123a404dbe6e573 - - -] 192.168.1.12 - - [26/Apr/2017 14:53:45] \"GET /v2.0/ports.json?network_id=fe7bd56e-fe8e-4fb2-b8c3-cc0705b41019&device_owner=network%3Adhcp HTTP/1.1\" 200 3110 0.060505","spriority":"191","hostname":"overcloud-controller-1","protocol":"TCP","port":"7793","sender":"/192.168.1.13","service":"Neutron","id":"b05f8245-deab-412c-bcce-92667bc40054","facility":"23","timestamp":"2017-04-26T14:53:49.924848+00:00"}
{"severity":"7","body":"neutron - - -
2017-04-26 14:53:45.040 125425 INFO neutron.wsgi [req-83b8a6c2-e0c3-4fef-bb4c-391249fb6240 53fd1c7e36f54ae9a666ac0bb718e845 2cddb9a9318841728123a404dbe6e573 - - -] 192.168.1.12 - - [26/Apr/2017 14:53:45] \"GET /v2.0/networks.json?id=fe7bd56e-fe8e-4fb2-b8c3-cc0705b41019 HTTP/1.1\" 200 916 0.084476","spriority":"191","hostname":"overcloud-controller-1","protocol":"TCP","port":"7793","sender":"/192.168.1.13","service":"Neutron","id":"e2b24b60-234d-4c3d-bd2a-73308f3784e3","facility":"23","timestamp":"2017-04-26T14:53:49.924837+00:00"}
{"severity":"7","body":"nova-compute - - -
2017-04-26 14:53:44.805 595544 DEBUG nova.objects.instance [req-c4434725-9b8d-4fe3-b41c-fcf7b89869a5 - - - - -] Lazy-loading 'info_cache' on Instance uuid e9a6c92f-1e41-48d6-977f-5b60ba104688 obj_load_attr /usr/lib/python2.7/site-packages/nova/objects/instance.py:1013","spriority":"191","hostname":"overcloud-compute-1","protocol":"TCP","port":"7790","sender":"/192.168.1.16","service":"Nova","id":"d7070321-bcaf-4749-b783-c131c225da74","facility":"23","timestamp":"2017-04-26T14:53:53.602439+00:00"}
{"severity":"7","body":"nova-compute - - -
2017-04-26 14:53:45.163 595544 DEBUG neutronclient.v2_0.client [req-c4434725-9b8d-4fe3-b41c-fcf7b89869a5 - - - - -] GET call to neutron for http://192.168.1.35:9696/v2.0/subnets.json?id=2859fdcc-a4a3-4a80-afb0-f15062663628 used request id req-5bd5b073-8e60-4bd8-aa2f-3adc9ef90942 _append_request_id /usr/lib/python2.7/site-packages/neutronclient/v2_0/client.py:127","spriority":"191","hostname":"overcloud-compute-1","protocol":"TCP","port":"7790","sender":"/192.168.1.16","service":"Nova","id":"e33a48e6-50e9-4dc3-87d7-8ea84aaa6240","facility":"23","timestamp":"2017-04-26T14:53:53.602500+00:00"}
{"severity":"7","body":"nova-compute - - -
2017-04-26 14:53:44.803 595544 DEBUG oslo_messaging._drivers.amqpdriver [-] received reply msg_id: 5778af7ee52d4f76b21b15abda68b3a2 __call__ /usr/lib/python2.7/site-packages/oslo_messaging/_drivers/amqpdriver.py:296","spriority":"191","hostname":"overcloud-compute-1","protocol":"TCP","port":"7790","sender":"/192.168.1.16","service":"Nova","id":"3e5daa5b-65ca-4d5d-968f-4fa4720643dd","facility":"23","timestamp":"2017-04-26T14:53:53.602416+00:00"}
{"severity":"7","body":"nova-compute - - -
2017-04-26 14:53:47.252 595544 DEBUG oslo_messaging._drivers.amqpdriver [req-c4434725-9b8d-4fe3-b41c-fcf7b89869a5 - - - - -] CALL msg_id: c21b779523d54f2eb2a8c94d2d7e34cd exchange 'nova' topic 'conductor' _send /usr/lib/python2.7/site-packages/oslo_messaging/_drivers/amqpdriver.py:448","spriority":"191","hostname":"overcloud-compute-1","protocol":"TCP","port":"7790","sender":"/192.168.1.16","service":"Nova","id":"61ab980f-9fd6-4417-b8c6-87b29f46764e","facility":"23","timestamp":"2017-04-26T14:53:53.602556+00:00"}
{"severity":"7","body":"nova-compute - - -
2017-04-26 14:53:44.869 595544 DEBUG oslo_messaging._drivers.amqpdriver [req-c4434725-9b8d-4fe3-b41c-fcf7b89869a5 - - - - -] CALL msg_id: e5da3a324561489ebde5245ded95c562 exchange 'nova' topic 'conductor' _send /usr/lib/python2.7/site-packages/oslo_messaging/_drivers/amqpdriver.py:448","spriority":"191","hostname":"overcloud-compute-1","protocol":"TCP","port":"7790","sender":"/192.168.1.16","service":"Nova","id":"3a84a391-a392-438c-a23e-f8327e44d6fb","facility":"23","timestamp":"2017-04-26T14:53:53.602460+00:00"}
{"severity":"7","body":"nova-compute - - -
2017-04-26 14:53:45.231 595544 DEBUG oslo_messaging._drivers.amqpdriver [req-c4434725-9b8d-4fe3-b41c-fcf7b89869a5 - - - - -] CALL msg_id: b7069d80078a4137820aa7f69c8e9760 exchange 'nova' topic 'conductor' _send /usr/lib/python2.7/site-packages/oslo_messaging/_drivers/amqpdriver.py:448","spriority":"191","hostname":"overcloud-compute-1","protocol":"TCP","port":"7790","sender":"/192.168.1.16","service":"Nova","id":"6e3c75ca-3369-4032-9cb6-7af764207635","facility":"23","timestamp":"2017-04-26T14:53:53.602532+00:00"}
{"severity":"7","body":"nova-compute - - -
2017-04-26 14:53:53.512 595544 DEBUG oslo_messaging._drivers.amqpdriver [-] CALL msg_id: 10f46996ebab419f84f9df358bfbb1db exchange 'nova' topic 'conductor' _send /usr/lib/python2.7/site-packages/oslo_messaging/_drivers/amqpdriver.py:448","spriority":"191","hostname":"overcloud-compute-1","protocol":"TCP","port":"7790","sender":"/192.168.1.16","service":"Nova","id":"919754c1-4719-46cc-95c2-6320ae18442e","facility":"23","timestamp":"2017-04-26T14:53:53.602571+00:00"}
{"severity":"7","body":"nova-compute - - -
2017-04-26 14:53:44.804 595544 DEBUG oslo_concurrency.lockutils [req-c4434725-9b8d-4fe3-b41c-fcf7b89869a5 - - - - -] Acquired semaphore \"refresh_cache-e9a6c92f-1e41-48d6-977f-5b60ba104688\" lock /usr/lib/python2.7/site-packages/oslo_concurrency/lockutils.py:212","spriority":"191","hostname":"overcloud-compute-1","protocol":"TCP","port":"7790","sender":"/192.168.1.16","service":"Nova","id":"342e191f-ca86-44e7-8fe0-f05a69342f1b","facility":"23","timestamp":"2017-04-26T14:53:53.602423+00:00"}
{"severity":"7","body":"nova-compute - - -
2017-04-26 14:53:45.044 595544 DEBUG neutronclient.v2_0.client [req-c4434725-9b8d-4fe3-b41c-fcf7b89869a5 - - - - -] GET call to neutron for http://192.168.1.35:9696/v2.0/networks.json?id=fe7bd56e-fe8e-4fb2-b8c3-cc0705b41019 used request id req-83b8a6c2-e0c3-4fef-bb4c-391249fb6240 _append_request_id /usr/lib/python2.7/site-packages/neutronclient/v2_0/client.py:127","spriority":"191","hostname":"overcloud-compute-1","protocol":"TCP","port":"7790","sender":"/192.168.1.16","service":"Nova","id":"9024d4d4-b9cb-4de4-a3c7-8658ab514efa","facility":"23","timestamp":"2017-04-26T14:53:53.602484+00:00"}
{"severity":"7","body":"nova-compute - - -
2017-04-26 14:53:44.762 595544 DEBUG nova.compute.manager [req-c4434725-9b8d-4fe3-b41c-fcf7b89869a5 - - - - -] Rebuilding the list of instances to heal _heal_instance_info_cache /usr/lib/python2.7/site-packages/nova/compute/manager.py:5713","spriority":"191","hostname":"overcloud-compute-1","protocol":"TCP","port":"7790","sender":"/192.168.1.16","service":"Nova","id":"ba892d61-99f0-4472-9abb-591d17700dd3","facility":"23","timestamp":"2017-04-26T14:53:53.602402+00:00"}
{"severity":"7","body":"nova-compute - - -
2017-04-26 14:53:45.251 595544 DEBUG nova.compute.manager [req-c4434725-9b8d-4fe3-b41c-fcf7b89869a5 - - - - -] [instance: e9a6c92f-1e41-48d6-977f-5b60ba104688] Updated the network info_cache for instance _heal_instance_info_cache /usr/lib/python2.7/site-packages/nova/compute/manager.py:5771","spriority":"191","hostname":"overcloud-compute-1","protocol":"TCP","port":"7790","sender":"/192.168.1.16","service":"Nova","id":"025bba5e-6ca2-4d8c-855f-39688277a6b2","facility":"23","timestamp":"2017-04-26T14:53:53.602546+00:00"}
{"severity":"7","body":"nova-compute - - -
2017-04-26 14:53:44.806 595544 DEBUG oslo_messaging._drivers.amqpdriver [req-c4434725-9b8d-4fe3-b41c-fcf7b89869a5 - - - - -] CALL msg_id: 238f585e5ff04f4aa0a1c0be449057c5 exchange 'nova' topic 'conductor' _send /usr/lib/python2.7/site-packages/oslo_messaging/_drivers/amqpdriver.py:448","spriority":"191","hostname":"overcloud-compute-1","protocol":"TCP","port":"7790","sender":"/192.168.1.16","service":"Nova","id":"0a1675fd-989a-404b-8d97-e9aca2c1f5bc","facility":"23","timestamp":"2017-04-26T14:53:53.602447+00:00"}
{"severity":"7","body":"nova-compute - - -
2017-04-26 14:53:45.229 595544 DEBUG neutronclient.v2_0.client [req-c4434725-9b8d-4fe3-b41c-fcf7b89869a5 - - - - -] GET call to neutron for http://192.168.1.35:9696/v2.0/ports.json?network_id=fe7bd56e-fe8e-4fb2-b8c3-cc0705b41019&device_owner=network%3Adhcp used request id req-e1099b9d-1ec5-4288-beab-ef1314452292 _append_request_id /usr/lib/python2.7/site-packages/neutronclient/v2_0/client.py:127","spriority":"191","hostname":"overcloud-compute-1","protocol":"TCP","port":"7790","sender":"/192.168.1.16","service":"Nova","id":"73a4e0a2-fa06-4db6-8c18-6a4ffd24ef8f","facility":"23","timestamp":"2017-04-26T14:53:53.602508+00:00"}
{"severity":"7","body":"nova-compute - - -
2017-04-26 14:53:47.266 595544 DEBUG oslo_messaging._drivers.amqpdriver [-] received reply msg_id: c21b779523d54f2eb2a8c94d2d7e34cd __call__ /usr/lib/python2.7/site-packages/oslo_messaging/_drivers/amqpdriver.py:296","spriority":"191","hostname":"overcloud-compute-1","protocol":"TCP","port":"7790","sender":"/192.168.1.16","service":"Nova","id":"ef1f565c-9db9-4090-9e92-998b6dbd775e","facility":"23","timestamp":"2017-04-26T14:53:53.602560+00:00"}
{"severity":"7","body":"nova-compute - - -
2017-04-26 14:53:44.764 595544 DEBUG oslo_messaging._drivers.amqpdriver [req-c4434725-9b8d-4fe3-b41c-fcf7b89869a5 - - - - -] CALL msg_id: 5778af7ee52d4f76b21b15abda68b3a2 exchange 'nova' topic 'conductor' _send /usr/lib/python2.7/site-packages/oslo_messaging/_drivers/amqpdriver.py:448","spriority":"191","hostname":"overcloud-compute-1","protocol":"TCP","port":"7790","sender":"/192.168.1.16","service":"Nova","id":"cc4edfc9-6dfb-4ac7-ade3-88757fbdb8c0","facility":"23","timestamp":"2017-04-26T14:53:53.602409+00:00"}
{"severity":"7","body":"nova-compute - - -
2017-04-26 14:53:44.882 595544 DEBUG oslo_messaging._drivers.amqpdriver [-] received reply msg_id: e5da3a324561489ebde5245ded95c562 __call__ /usr/lib/python2.7/site-packages/oslo_messaging/_drivers/amqpdriver.py:296","spriority":"191","hostname":"overcloud-compute-1","protocol":"TCP","port":"7790","sender":"/192.168.1.16","service":"Nova","id":"6b4b4dd2-537a-4a4a-95d4-bd05a006265b","facility":"23","timestamp":"2017-04-26T14:53:53.602466+00:00"}
{"severity":"7","body":"nova-compute - - -
2017-04-26 14:53:44.762 595544 DEBUG oslo_service.periodic_task [req-c4434725-9b8d-4fe3-b41c-fcf7b89869a5 - - - - -] Running periodic task ComputeManager._heal_instance_info_cache run_periodic_tasks /usr/lib/python2.7/site-packages/oslo_service/periodic_task.py:215","spriority":"191","hostname":"overcloud-compute-1","protocol":"TCP","port":"7790","sender":"/192.168.1.16","service":"Nova","id":"2b3ac87c-0bb9-45b9-9ca8-fa529dc8969e","facility":"23","timestamp":"2017-04-26T14:53:53.602379+00:00"}
{"severity":"7","body":"nova-compute - - -
2017-04-26 14:53:45.250 595544 DEBUG oslo_messaging._drivers.amqpdriver [-] received reply msg_id: b7069d80078a4137820aa7f69c8e9760 __call__ /usr/lib/python2.7/site-packages/oslo_messaging/_drivers/amqpdriver.py:296","spriority":"191","hostname":"overcloud-compute-1","protocol":"TCP","port":"7790","sender":"/192.168.1.16","service":"Nova","id":"f8326323-8b4b-48c3-9317-50c80d1c3ef2","facility":"23","timestamp":"2017-04-26T14:53:53.602536+00:00"}
{"severity":"7","body":"nova-compute - - -
2017-04-26 14:53:53.538 595544 DEBUG oslo_messaging._drivers.amqpdriver [-] received reply msg_id: 10f46996ebab419f84f9df358bfbb1db __call__ /usr/lib/python2.7/site-packages/oslo_messaging/_drivers/amqpdriver.py:296","spriority":"191","hostname":"overcloud-compute-1","protocol":"TCP","port":"7790","sender":"/192.168.1.16","service":"Nova","id":"ac837fb6-02d4-4db8-9d12-dc07e1685629","facility":"23","timestamp":"2017-04-26T14:53:53.602576+00:00"}
{"severity":"7","body":"nova-compute - - -
2017-04-26 14:53:45.074 595544 DEBUG neutronclient.v2_0.client [req-c4434725-9b8d-4fe3-b41c-fcf7b89869a5 - - - - -] GET call to neutron for http://192.168.1.35:9696/v2.0/floatingips.json?fixed_ip_address=10.10.10.17&port_id=8c1bab2b-7166-4cd4-bc38-f063c93f9393 used request id req-2f0bf895-c51f-4674-bd73-b56557d4e721 _append_request_id /usr/lib/python2.7/site-packages/neutronclient/v2_0/client.py:127","spriority":"191","hostname":"overcloud-compute-1","protocol":"TCP","port":"7790","sender":"/192.168.1.16","service":"Nova","id":"74fb05f0-600d-4831-97c4-3c3d1ed31db8","facility":"23","timestamp":"2017-04-26T14:53:53.602494+00:00"}
{"severity":"7","body":"nova-compute - - -
2017-04-26 14:53:47.251 595544 DEBUG oslo_service.periodic_task [req-c4434725-9b8d-4fe3-b41c-fcf7b89869a5 - - - - -] Running periodic task ComputeManager._instance_usage_audit run_periodic_tasks /usr/lib/python2.7/site-packages/oslo_service/periodic_task.py:215","spriority":"191","hostname":"overcloud-compute-1","protocol":"TCP","port":"7790","sender":"/192.168.1.16","service":"Nova","id":"94d3261a-7fef-48ff-86fb-ee4d4c299968","facility":"23","timestamp":"2017-04-26T14:53:53.602550+00:00"}
{"severity":"7","body":"nova-compute - - -
2017-04-26 14:53:44.762 595544 DEBUG nova.compute.manager [req-c4434725-9b8d-4fe3-b41c-fcf7b89869a5 - - - - -] Starting heal instance info cache _heal_instance_info_cache /usr/lib/python2.7/site-packages/nova/compute/manager.py:5709","spriority":"191","hostname":"overcloud-compute-1","protocol":"TCP","port":"7790","sender":"/192.168.1.16","service":"Nova","id":"f585d301-a728-4a14-8e35-ba922460ab60","facility":"23","timestamp":"2017-04-26T14:53:53.602395+00:00"}
{"severity":"7","body":"nova-compute - - -
2017-04-26 14:53:44.866 595544 DEBUG oslo_messaging._drivers.amqpdriver [-] received reply msg_id: 238f585e5ff04f4aa0a1c0be449057c5 __call__ /usr/lib/python2.7/site-packages/oslo_messaging/_drivers/amqpdriver.py:296","spriority":"191","hostname":"overcloud-compute-1","protocol":"TCP","port":"7790","sender":"/192.168.1.16","service":"Nova","id":"97f4afae-3d5c-4d1e-8cb9-53aa78125208","facility":"23","timestamp":"2017-04-26T14:53:53.602453+00:00"}
{"severity":"7","body":"nova-compute - - -
2017-04-26 14:53:45.230 595544 DEBUG nova.network.base_api [req-c4434725-9b8d-4fe3-b41c-fcf7b89869a5 - - - - -] [instance: e9a6c92f-1e41-48d6-977f-5b60ba104688] Updating instance_info_cache with network_info: [{\"profile\": {}, \"ovs_interfaceid\": \"8c1bab2b-7166-4cd4-bc38-f063c93f9393\", \"preserve_on_delete\": false, \"network\": {\"bridge\": \"br-int\", \"subnets\": [{\"ips\": [{\"meta\": {}, \"version\": 4, \"type\": \"fixed\", \"floating_ips\": [{\"meta\": {}, \"version\": 4, \"type\": \"floating\", \"address\": \"192.168.1.127\"}], \"address\": \"10.10.10.17\"}], \"version\": 4, \"meta\": {\"dhcp_server\": \"10.10.10.11\"}, \"dns\": [{\"meta\": {}, \"version\": 4, \"type\": \"dns\", \"address\": \"192.168.1.7\"}], \"routes\": [], \"cidr\": \"10.10.10.0/24\", \"gateway\": {\"meta\": {}, \"version\": 4, \"type\": \"gateway\", \"address\": \"10.10.10.254\"}}], \"meta\": {\"injected\": false, \"tenant_id\": \"80aae9ddea9443a0ae6b019266b45da8\", \"mtu\": 1446}, \"id\": \"fe7bd56e-fe8e-4fb2-b8c3-cc0705b41019\", \"label\": \"net-openshift\"}, \"devname\": \"tap8c1bab2b-71\", \"vnic_type\": \"normal\", \"qbh_params\": null, \"meta\": {}, \"details\": {\"port_filter\": true, \"ovs_hybrid_plug\": true}, \"address\": \"fa:16:3e:2f:17:4d\", \"active\": true, \"type\": \"ovs\", \"id\": \"8c1bab2b-7166-4cd4-bc38-f063c93f9393\", \"qbg_params\": null}] update_instance_cache_with_nw_info /usr/lib/python2.7/site-packages/nova/network/base_api.py:43","spriority":"191","hostname":"overcloud-compute-1","protocol":"TCP","port":"7790","sender":"/192.168.1.16","service":"Nova","id":"676bb196-7cfc-4b8d-be7b-61f75fdca690","facility":"23","timestamp":"2017-04-26T14:53:53.602525+00:00"}
{"severity":"7","body":"nova-compute - - -
2017-04-26 14:53:44.805 595544 DEBUG nova.network.neutronv2.api [req-c4434725-9b8d-4fe3-b41c-fcf7b89869a5 - - - - -] [instance: e9a6c92f-1e41-48d6-977f-5b60ba104688] _get_instance_nw_info() _get_instance_nw_info /usr/lib/python2.7/site-packages/nova/network/neutronv2/api.py:1276","spriority":"191","hostname":"overcloud-compute-1","protocol":"TCP","port":"7790","sender":"/192.168.1.16","service":"Nova","id":"13878f50-3958-42f1-baf8-f379e23f5875","facility":"23","timestamp":"2017-04-26T14:53:53.602431+00:00"}
{"severity":"7","body":"nova-compute - - -
2017-04-26 14:53:47.762 595544 DEBUG oslo_service.periodic_task [req-c4434725-9b8d-4fe3-b41c-fcf7b89869a5 - - - - -] Running periodic task ComputeManager._poll_volume_usage run_periodic_tasks /usr/lib/python2.7/site-packages/oslo_service/periodic_task.py:215","spriority":"191","hostname":"overcloud-compute-1","protocol":"TCP","port":"7790","sender":"/192.168.1.16","service":"Nova","id":"05baf1d6-f834-48e7-a4cc-a98ea64df22e","facility":"23","timestamp":"2017-04-26T14:53:53.602566+00:00"}
{"severity":"7","body":"nova-compute - - -
2017-04-26 14:53:44.954 595544 DEBUG neutronclient.v2_0.client [req-c4434725-9b8d-4fe3-b41c-fcf7b89869a5 - - - - -] GET call to neutron for http://192.168.1.35:9696/v2.0/ports.json?tenant_id=80aae9ddea9443a0ae6b019266b45da8&device_id=e9a6c92f-1e41-48d6-977f-5b60ba104688 used request id req-d74b5a72-1f90-45c6-be56-3d2f7ff9c500 _append_request_id /usr/lib/python2.7/site-packages/neutronclient/v2_0/client.py:127","spriority":"191","hostname":"overcloud-compute-1","protocol":"TCP","port":"7790","sender":"/192.168.1.16","service":"Nova","id":"cb7b6908-9da9-483f-b98a-a8e9f3418b72","facility":"23","timestamp":"2017-04-26T14:53:53.602478+00:00"}
{"severity":"7","body":"nova-compute - - -
2017-04-26 14:53:45.250 595544 DEBUG oslo_concurrency.lockutils [req-c4434725-9b8d-4fe3-b41c-fcf7b89869a5 - - - - -] Releasing semaphore \"refresh_cache-e9a6c92f-1e41-48d6-977f-5b60ba104688\" lock /usr/lib/python2.7/site-packages/oslo_concurrency/lockutils.py:225","spriority":"191","hostname":"overcloud-compute-1","protocol":"TCP","port":"7790","sender":"/192.168.1.16","service":"Nova","id":"10d6002b-dc7b-443f-9f4a-2bbc98a21f5a","facility":"23","timestamp":"2017-04-26T14:53:53.602541+00:00"}
{"severity":"7","body":"neutron - - -
2017-04-26 14:53:58.123 666667 INFO neutron.network.keedio_redhat [ Generating synthetic log CEP_ID=3694a096381e4c1a8ec7a3353b05f73b ]","spriority":"191","hostname":"overcloud-controller-1","protocol":"TCP","port":"7793","sender":"/192.168.1.13","service":"Neutron","id":"fb840c13-bcac-4f4b-b294-bfaa4cd427ae","facility":"23","timestamp":"2017-04-26T14:53:59.935778+00:00"}
{"severity":"7","body":"neutron - - -
2017-04-26 14:53:52.356 125425 INFO neutron.wsgi [req-ea42693f-0ac6-4110-8299-8572f4682d40 53fd1c7e36f54ae9a666ac0bb718e845 2cddb9a9318841728123a404dbe6e573 - - -] 192.168.1.12 - - [26/Apr/2017 14:53:52] \"GET /v2.0/floatingips.json?fixed_ip_address=10.10.10.20&port_id=42046d19-13f4-4a7c-ad3f-f61fd4d2d7ad HTTP/1.1\" 200 719 0.020906","spriority":"191","hostname":"overcloud-controller-1","protocol":"TCP","port":"7793","sender":"/192.168.1.13","service":"Neutron","id":"810ecac4-4e3b-4341-829c-5760b8621b96","facility":"23","timestamp":"2017-04-26T14:53:59.935656+00:00"}
{"severity":"7","body":"nova-compute - - -
2017-04-26 14:54:01.789 595544 INFO nova.compute.resource_tracker [req-c4434725-9b8d-4fe3-b41c-fcf7b89869a5 - - - - -] Auditing locally available compute resources for node overcloud-compute-1.localdomain","spriority":"191","hostname":"overcloud-compute-1","protocol":"TCP","port":"7790","sender":"/192.168.1.16","service":"Nova","id":"aa352799-100f-4c58-baab-2ff0df6c7649","facility":"23","timestamp":"2017-04-26T14:54:03.612814+00:00"}
{"severity":"7","body":"nova-compute - - -
2017-04-26 14:54:01.887 595544 DEBUG oslo_messaging._drivers.amqpdriver [-] received reply msg_id: 7322452a7c904f9396e2611cb1e006c8 __call__ /usr/lib/python2.7/site-packages/oslo_messaging/_drivers/amqpdriver.py:296","spriority":"191","hostname":"overcloud-compute-1","protocol":"TCP","port":"7790","sender":"/192.168.1.16","service":"Nova","id":"55db1ba7-93c2-4bae-b2bd-6a2ffbe51ecd","facility":"23","timestamp":"2017-04-26T14:54:03.612841+00:00"}
{"severity":"7","body":"nova-compute - - -
2017-04-26 14:54:01.812 595544 DEBUG oslo_messaging._drivers.amqpdriver [req-c4434725-9b8d-4fe3-b41c-fcf7b89869a5 - - - - -] CALL msg_id: bba0fb46f424442483974a1db030175d exchange 'nova' topic 'conductor' _send /usr/lib/python2.7/site-packages/oslo_messaging/_drivers/amqpdriver.py:448","spriority":"191","hostname":"overcloud-compute-1","protocol":"TCP","port":"7790","sender":"/192.168.1.16","service":"Nova","id":"e0ade33d-67fe-4a37-ac8a-1544a764f427","facility":"23","timestamp":"2017-04-26T14:54:03.612822+00:00"}
{"severity":"7","body":"nova-compute - - -
2017-04-26 14:54:01.977 595544 DEBUG oslo_concurrency.processutils [req-c4434725-9b8d-4fe3-b41c-fcf7b89869a5 - - - - -] CMD \"/usr/bin/python2 -m oslo_concurrency.prlimit --as=1073741824 --cpu=2 -- env LC_ALL=C LANG=C qemu-img info /var/lib/nova/instances/e9a6c92f-1e41-48d6-977f-5b60ba104688/disk\" returned: 0 in 0.083s execute /usr/lib/python2.7/site-packages/oslo_concurrency/processutils.py:374","spriority":"191","hostname":"overcloud-compute-1","protocol":"TCP","port":"7790","sender":"/192.168.1.16","service":"Nova","id":"2eddf463-6ae6-4e88-a1f5-fb6241acc3ac","facility":"23","timestamp":"2017-04-26T14:54:03.612864+00:00"}
{"severity":"7","body":"nova-compute - - -
2017-04-26 14:54:01.785 595544 DEBUG oslo_messaging._drivers.amqpdriver [-] received reply msg_id: 40e4631035264ca8af1f2d6fddde00b9 __call__ /usr/lib/python2.7/site-packages/oslo_messaging/_drivers/amqpdriver.py:296","spriority":"191","hostname":"overcloud-compute-1","protocol":"TCP","port":"7790","sender":"/192.168.1.16","service":"Nova","id":"05d621c1-c007-4972-a869-86ebadcb0a70","facility":"23","timestamp":"2017-04-26T14:54:03.612808+00:00"}
{"severity":"7","body":"nova-compute - - -
2017-04-26 14:54:01.859 595544 DEBUG oslo_messaging._drivers.amqpdriver [req-c4434725-9b8d-4fe3-b41c-fcf7b89869a5 - - - - -] CALL msg_id: 7322452a7c904f9396e2611cb1e006c8 exchange 'nova' topic 'conductor' _send /usr/lib/python2.7/site-packages/oslo_messaging/_drivers/amqpdriver.py:448","spriority":"191","hostname":"overcloud-compute-1","protocol":"TCP","port":"7790","sender":"/192.168.1.16","service":"Nova","id":"76630db6-8662-41cb-8142-8ad6bf15370c","facility":"23","timestamp":"2017-04-26T14:54:03.612835+00:00"}
{"severity":"7","body":"nova-compute - - -
2017-04-26 14:54:02.055 595544 DEBUG oslo_concurrency.processutils [req-c4434725-9b8d-4fe3-b41c-fcf7b89869a5 - - - - -] CMD \"/usr/bin/python2 -m oslo_concurrency.prlimit --as=1073741824 --cpu=2 -- env LC_ALL=C LANG=C qemu-img info /var/lib/nova/instances/e9a6c92f-1e41-48d6-977f-5b60ba104688/disk\" returned: 0 in 0.076s execute /usr/lib/python2.7/site-packages/oslo_concurrency/processutils.py:374","spriority":"191","hostname":"overcloud-compute-1","protocol":"TCP","port":"7790","sender":"/192.168.1.16","service":"Nova","id":"36e71493-d2ee-4fd2-afe1-bcc1011f0d6b","facility":"23","timestamp":"2017-04-26T14:54:03.612877+00:00"}
{"severity":"7","body":"nova-compute - - -
2017-04-26 14:54:02.132 595544 DEBUG oslo_concurrency.processutils [req-c4434725-9b8d-4fe3-b41c-fcf7b89869a5 - - - - -] CMD \"/usr/bin/python2 -m oslo_concurrency.prlimit --as=1073741824 --cpu=2 -- env LC_ALL=C LANG=C qemu-img info /var/lib/nova/instances/e9a6c92f-1e41-48d6-977f-5b60ba104688/disk.swap\" returned: 0 in 0.077s execute /usr/lib/python2.7/site-packages/oslo_concurrency/processutils.py:374","spriority":"191","hostname":"overcloud-compute-1","protocol":"TCP","port":"7790","sender":"/192.168.1.16","service":"Nova","id":"5d00dd81-07f0-4b07-a439-918acdc3df6c","facility":"23","timestamp":"2017-04-26T14:54:03.612892+00:00"}
{"severity":"7","body":"nova-compute - - -
2017-04-26 14:54:02.209 595544 DEBUG oslo_concurrency.processutils [req-c4434725-9b8d-4fe3-b41c-fcf7b89869a5 - - - - -] CMD \"/usr/bin/python2 -m oslo_concurrency.prlimit --as=1073741824 --cpu=2 -- env LC_ALL=C LANG=C qemu-img info /var/lib/nova/instances/e9a6c92f-1e41-48d6-977f-5b60ba104688/disk.swap\" returned: 0 in 0.076s execute /usr/lib/python2.7/site-packages/oslo_concurrency/processutils.py:374","spriority":"191","hostname":"overcloud-compute-1","protocol":"TCP","port":"7790","sender":"/192.168.1.16","service":"Nova","id":"18b43991-f090-4861-931f-2aee75de2acf","facility":"23","timestamp":"2017-04-26T14:54:03.612906+00:00"}
{"severity":"7","body":"nova-compute - - -
2017-04-26 14:54:02.211 595544 DEBUG nova.virt.libvirt.driver [req-c4434725-9b8d-4fe3-b41c-fcf7b89869a5 - - - - -] skipping disk /var/lib/nova/mnt/a08e6150ab9922334f3ecde96c6154b2/volume-284bca08-ee6c-48e8-8578-5c1b4ed64fef (vdd) as it is a volume _get_instance_disk_info /usr/lib/python2.7/site-packages/nova/virt/libvirt/driver.py:6776","spriority":"191","hostname":"overcloud-compute-1","protocol":"TCP","port":"7790","sender":"/192.168.1.16","service":"Nova","id":"cf84a27a-4f15-4627-9df4-24b0a3ad271f","facility":"23","timestamp":"2017-04-26T14:54:03.612917+00:00"}
{"severity":"7","body":"nova-compute - - -
