2017-04-28 08:38:22.760 595544 DEBUG oslo_service.periodic_task [req-c4434725-9b8d-4fe3-b41c-fcf7b89869a5 - - - - -] Running periodic task ComputeManager._sync_scheduler_instance_info run_periodic_tasks /usr/lib/python2.7/site-packages/oslo_service/periodic_task.py:215","spriority":"191","hostname":"overcloud-compute-1","protocol":"TCP","port":"7790","sender":"/192.168.1.16","service":"Nova","id":"5bbd5afa-bd07-4352-a47f-be95f321eb88","facility":"23","timestamp":"2017-04-28T08:38:27.175694+00:00"}
{"severity":"7","body":"nova-compute - - -
2017-04-28 08:38:20.355 595544 DEBUG oslo_messaging._drivers.amqpdriver [-] CALL msg_id: 85865332a44e4f2cb9576fc4f8cd1380 exchange 'nova' topic 'conductor' _send /usr/lib/python2.7/site-packages/oslo_messaging/_drivers/amqpdriver.py:448","spriority":"191","hostname":"overcloud-compute-1","protocol":"TCP","port":"7790","sender":"/192.168.1.16","service":"Nova","id":"c88ae3e4-93f1-4c84-be2c-28b9941478e3","facility":"23","timestamp":"2017-04-28T08:38:27.175681+00:00"}
{"severity":"7","body":"nova-compute - - -
2017-04-28 08:38:25.321 666666 ERROR nova.compute.keedio_redhat [ Generating synthetic log CEP_ID=5e3ddb335fd09934c724acc2d00266a0 ]","spriority":"191","hostname":"overcloud-compute-1","protocol":"TCP","port":"7790","sender":"/192.168.1.16","service":"Nova","id":"e23db3e1-745a-470b-b36d-fb728e28fbb3","facility":"23","timestamp":"2017-04-28T08:38:27.176032+00:00"}
{"severity":"7","body":"neutron - - -
2017-04-28 08:38:28.123 666667 INFO neutron.network.keedio_redhat [ Generating synthetic log CEP_ID=5e3ddb335fd09934c724acc2d00266a0 ]","spriority":"191","hostname":"overcloud-controller-1","protocol":"TCP","port":"7793","sender":"/192.168.1.13","service":"Neutron","id":"2fa0a985-e73c-49dd-814e-7cd69526974b","facility":"23","timestamp":"2017-04-28T08:38:32.366132+00:00"}
{"severity":"7","body":"nova-compute - - -
2017-04-28 08:38:28.765 595544 DEBUG oslo_service.periodic_task [req-c4434725-9b8d-4fe3-b41c-fcf7b89869a5 - - - - -] Running periodic task ComputeManager._instance_usage_audit run_periodic_tasks /usr/lib/python2.7/site-packages/oslo_service/periodic_task.py:215","spriority":"191","hostname":"overcloud-compute-1","protocol":"TCP","port":"7790","sender":"/192.168.1.16","service":"Nova","id":"cd634001-ac07-419d-96ce-408824fefc63","facility":"23","timestamp":"2017-04-28T08:38:37.186332+00:00"}
{"severity":"7","body":"nova-compute - - -
2017-04-28 08:38:30.354 595544 DEBUG oslo_messaging._drivers.amqpdriver [-] CALL msg_id: 9f20018846054a3591ecc5428ba3c00a exchange 'nova' topic 'conductor' _send /usr/lib/python2.7/site-packages/oslo_messaging/_drivers/amqpdriver.py:448","spriority":"191","hostname":"overcloud-compute-1","protocol":"TCP","port":"7790","sender":"/192.168.1.16","service":"Nova","id":"bdbfa6a9-444c-4cd9-9a05-139be10e50dd","facility":"23","timestamp":"2017-04-28T08:38:37.186363+00:00"}
{"severity":"7","body":"nova-compute - - -
2017-04-28 08:38:28.766 595544 DEBUG oslo_messaging._drivers.amqpdriver [req-c4434725-9b8d-4fe3-b41c-fcf7b89869a5 - - - - -] CALL msg_id: 26637e8f1b634f86969a321d2abdfc57 exchange 'nova' topic 'conductor' _send /usr/lib/python2.7/site-packages/oslo_messaging/_drivers/amqpdriver.py:448","spriority":"191","hostname":"overcloud-compute-1","protocol":"TCP","port":"7790","sender":"/192.168.1.16","service":"Nova","id":"1f0430ae-9e0a-45fa-bc00-5d99f0093859","facility":"23","timestamp":"2017-04-28T08:38:37.186350+00:00"}
{"severity":"7","body":"nova-compute - - -
2017-04-28 08:38:30.382 595544 DEBUG oslo_messaging._drivers.amqpdriver [-] received reply msg_id: 9f20018846054a3591ecc5428ba3c00a __call__ /usr/lib/python2.7/site-packages/oslo_messaging/_drivers/amqpdriver.py:296","spriority":"191","hostname":"overcloud-compute-1","protocol":"TCP","port":"7790","sender":"/192.168.1.16","service":"Nova","id":"e60fdb65-aebe-421d-8dcf-b5f88d180046","facility":"23","timestamp":"2017-04-28T08:38:37.186369+00:00"}
{"severity":"7","body":"nova-compute - - -
2017-04-28 08:38:28.781 595544 DEBUG oslo_messaging._drivers.amqpdriver [-] received reply msg_id: 26637e8f1b634f86969a321d2abdfc57 __call__ /usr/lib/python2.7/site-packages/oslo_messaging/_drivers/amqpdriver.py:296","spriority":"191","hostname":"overcloud-compute-1","protocol":"TCP","port":"7790","sender":"/192.168.1.16","service":"Nova","id":"bb96062b-1330-4d8b-8dbb-911c962c34ff","facility":"23","timestamp":"2017-04-28T08:38:37.186356+00:00"}
{"severity":"7","body":"neutron - - -
2017-04-28 08:38:42.123 666667 INFO neutron.network.keedio_redhat [ Generating synthetic log CEP_ID=07d21d108cc6e13a34ec56834286932c ]","spriority":"191","hostname":"overcloud-controller-1","protocol":"TCP","port":"7793","sender":"/192.168.1.13","service":"Neutron","id":"813e13d9-0fb8-4247-8a1d-eab30744d198","facility":"23","timestamp":"2017-04-28T08:38:42.373750+00:00"}
{"severity":"7","body":"neutron - - -
2017-04-28 08:38:41.882 125425 INFO neutron.wsgi [req-e6e8d19c-3ba5-469e-97ae-aaa1fbebf0a8 53fd1c7e36f54ae9a666ac0bb718e845 2cddb9a9318841728123a404dbe6e573 - - -] 192.168.1.12 - - [28/Apr/2017 08:38:41] \"GET /v2.0/subnets.json?id=2859fdcc-a4a3-4a80-afb0-f15062663628 HTTP/1.1\" 200 846 0.071404","spriority":"191","hostname":"overcloud-controller-1","protocol":"TCP","port":"7793","sender":"/192.168.1.13","service":"Neutron","id":"9f2c6678-f3e6-4384-923a-1599d77f91e7","facility":"23","timestamp":"2017-04-28T08:38:42.373642+00:00"}
{"severity":"7","body":"neutron - - -
2017-04-28 08:38:41.674 125425 INFO neutron.wsgi [req-83aea954-a151-4d5f-a560-de4d1ed1a570 53fd1c7e36f54ae9a666ac0bb718e845 2cddb9a9318841728123a404dbe6e573 - - -] 192.168.1.12 - - [28/Apr/2017 08:38:41] \"GET /v2.0/ports.json?tenant_id=80aae9ddea9443a0ae6b019266b45da8&device_id=59ccd2e7-b58c-49bf-92b2-522d4f127a38 HTTP/1.1\" 200 1153 0.051113","spriority":"191","hostname":"overcloud-controller-1","protocol":"TCP","port":"7793","sender":"/192.168.1.13","service":"Neutron","id":"f4ebf818-9fb2-42a6-8e82-57dc642fb0da","facility":"23","timestamp":"2017-04-28T08:38:42.373629+00:00"}
{"severity":"7","body":"nova-compute - - -
2017-04-28 08:38:43.762 595544 DEBUG nova.compute.manager [req-c4434725-9b8d-4fe3-b41c-fcf7b89869a5 - - - - -] Starting heal instance info cache _heal_instance_info_cache /usr/lib/python2.7/site-packages/nova/compute/manager.py:5709","spriority":"191","hostname":"overcloud-compute-1","protocol":"TCP","port":"7790","sender":"/192.168.1.16","service":"Nova","id":"d8de8450-2fb5-4e94-8112-1906d33d62ab","facility":"23","timestamp":"2017-04-28T08:38:47.192147+00:00"}
{"severity":"7","body":"nova-compute - - -
2017-04-28 08:38:38.763 595544 DEBUG oslo_service.periodic_task [req-c4434725-9b8d-4fe3-b41c-fcf7b89869a5 - - - - -] Running periodic task ComputeManager._poll_rescued_instances run_periodic_tasks /usr/lib/python2.7/site-packages/oslo_service/periodic_task.py:215","spriority":"191","hostname":"overcloud-compute-1","protocol":"TCP","port":"7790","sender":"/192.168.1.16","service":"Nova","id":"7b1a68a4-d688-4a9c-a422-9eb7c35ac1e4","facility":"23","timestamp":"2017-04-28T08:38:47.192101+00:00"}
{"severity":"7","body":"nova-compute - - -
2017-04-28 08:38:44.328 595544 DEBUG neutronclient.v2_0.client [req-c4434725-9b8d-4fe3-b41c-fcf7b89869a5 - - - - -] GET call to neutron for http://192.168.1.35:9696/v2.0/subnets.json?id=2859fdcc-a4a3-4a80-afb0-f15062663628 used request id req-52287c4d-2bb9-4bbc-b374-1fc7900febd6 _append_request_id /usr/lib/python2.7/site-packages/neutronclient/v2_0/client.py:127","spriority":"191","hostname":"overcloud-compute-1","protocol":"TCP","port":"7790","sender":"/192.168.1.16","service":"Nova","id":"15242ae7-38f2-44e2-b0d9-54a60ab6bb40","facility":"23","timestamp":"2017-04-28T08:38:47.192237+00:00"}
{"severity":"7","body":"nova-compute - - -
2017-04-28 08:38:40.387 595544 DEBUG oslo_messaging._drivers.amqpdriver [-] received reply msg_id: 66daaf5c34de4db49247487a732e2cfd __call__ /usr/lib/python2.7/site-packages/oslo_messaging/_drivers/amqpdriver.py:296","spriority":"191","hostname":"overcloud-compute-1","protocol":"TCP","port":"7790","sender":"/192.168.1.16","service":"Nova","id":"48cb7bd3-743e-4883-a898-defa1076d8ec","facility":"23","timestamp":"2017-04-28T08:38:47.192125+00:00"}
{"severity":"7","body":"nova-compute - - -
2017-04-28 08:38:43.797 595544 DEBUG nova.network.neutronv2.api [req-c4434725-9b8d-4fe3-b41c-fcf7b89869a5 - - - - -] [instance: e9a6c92f-1e41-48d6-977f-5b60ba104688] _get_instance_nw_info() _get_instance_nw_info /usr/lib/python2.7/site-packages/nova/network/neutronv2/api.py:1276","spriority":"191","hostname":"overcloud-compute-1","protocol":"TCP","port":"7790","sender":"/192.168.1.16","service":"Nova","id":"0802f371-7cfe-408b-813d-7fa1002de659","facility":"23","timestamp":"2017-04-28T08:38:47.192181+00:00"}
{"severity":"7","body":"nova-compute - - -
2017-04-28 08:38:44.257 595544 DEBUG neutronclient.v2_0.client [req-c4434725-9b8d-4fe3-b41c-fcf7b89869a5 - - - - -] GET call to neutron for http://192.168.1.35:9696/v2.0/floatingips.json?fixed_ip_address=10.10.10.17&port_id=8c1bab2b-7166-4cd4-bc38-f063c93f9393 used request id req-7db649c6-e273-44cf-a62d-1a640a776f54 _append_request_id /usr/lib/python2.7/site-packages/neutronclient/v2_0/client.py:127","spriority":"191","hostname":"overcloud-compute-1","protocol":"TCP","port":"7790","sender":"/192.168.1.16","service":"Nova","id":"18625b39-ba93-4fdf-9cc3-0f4c5f900309","facility":"23","timestamp":"2017-04-28T08:38:47.192232+00:00"}
{"severity":"7","body":"nova-compute - - -
2017-04-28 08:38:38.321 666666 ERROR nova.compute.keedio_redhat [ Generating synthetic log CEP_ID=07d21d108cc6e13a34ec56834286932c ]","spriority":"191","hostname":"overcloud-compute-1","protocol":"TCP","port":"7790","sender":"/192.168.1.16","service":"Nova","id":"fae3b404-f2ee-439b-86ed-6e3fb5eb64bd","facility":"23","timestamp":"2017-04-28T08:38:47.192661+00:00"}
{"severity":"7","body":"nova-compute - - -
2017-04-28 08:38:43.764 595544 DEBUG oslo_messaging._drivers.amqpdriver [req-c4434725-9b8d-4fe3-b41c-fcf7b89869a5 - - - - -] CALL msg_id: e4b6f2acf1754426984569415ec301f3 exchange 'nova' topic 'conductor' _send /usr/lib/python2.7/site-packages/oslo_messaging/_drivers/amqpdriver.py:448","spriority":"191","hostname":"overcloud-compute-1","protocol":"TCP","port":"7790","sender":"/192.168.1.16","service":"Nova","id":"122ab753-4d93-4b8a-ab1e-ae935e5159bf","facility":"23","timestamp":"2017-04-28T08:38:47.192160+00:00"}
{"severity":"7","body":"nova-compute - - -
2017-04-28 08:38:43.862 595544 DEBUG oslo_messaging._drivers.amqpdriver [-] received reply msg_id: dbc10794dd904addabb01f015dcf23ab __call__ /usr/lib/python2.7/site-packages/oslo_messaging/_drivers/amqpdriver.py:296","spriority":"191","hostname":"overcloud-compute-1","protocol":"TCP","port":"7790","sender":"/192.168.1.16","service":"Nova","id":"3eee9530-24e1-4d3d-97a6-9949e119e266","facility":"23","timestamp":"2017-04-28T08:38:47.192201+00:00"}
{"severity":"7","body":"nova-compute - - -
2017-04-28 08:38:44.402 595544 DEBUG nova.network.base_api [req-c4434725-9b8d-4fe3-b41c-fcf7b89869a5 - - - - -] [instance: e9a6c92f-1e41-48d6-977f-5b60ba104688] Updating instance_info_cache with network_info: [{\"profile\": {}, \"ovs_interfaceid\": \"8c1bab2b-7166-4cd4-bc38-f063c93f9393\", \"preserve_on_delete\": false, \"network\": {\"bridge\": \"br-int\", \"subnets\": [{\"ips\": [{\"meta\": {}, \"version\": 4, \"type\": \"fixed\", \"floating_ips\": [{\"meta\": {}, \"version\": 4, \"type\": \"floating\", \"address\": \"192.168.1.127\"}], \"address\": \"10.10.10.17\"}], \"version\": 4, \"meta\": {\"dhcp_server\": \"10.10.10.11\"}, \"dns\": [{\"meta\": {}, \"version\": 4, \"type\": \"dns\", \"address\": \"192.168.1.7\"}], \"routes\": [], \"cidr\": \"10.10.10.0/24\", \"gateway\": {\"meta\": {}, \"version\": 4, \"type\": \"gateway\", \"address\": \"10.10.10.254\"}}], \"meta\": {\"injected\": false, \"tenant_id\": \"80aae9ddea9443a0ae6b019266b45da8\", \"mtu\": 1446}, \"id\": \"fe7bd56e-fe8e-4fb2-b8c3-cc0705b41019\", \"label\": \"net-openshift\"}, \"devname\": \"tap8c1bab2b-71\", \"vnic_type\": \"normal\", \"qbh_params\": null, \"meta\": {}, \"details\": {\"port_filter\": true, \"ovs_hybrid_plug\": true}, \"address\": \"fa:16:3e:2f:17:4d\", \"active\": true, \"type\": \"ovs\", \"id\": \"8c1bab2b-7166-4cd4-bc38-f063c93f9393\", \"qbg_params\": null}] update_instance_cache_with_nw_info /usr/lib/python2.7/site-packages/nova/network/base_api.py:43","spriority":"191","hostname":"overcloud-compute-1","protocol":"TCP","port":"7790","sender":"/192.168.1.16","service":"Nova","id":"1ef303c0-09c2-4e5e-8789-c5575ca5787a","facility":"23","timestamp":"2017-04-28T08:38:47.192261+00:00"}
{"severity":"7","body":"nova-compute - - -
2017-04-28 08:38:43.762 595544 DEBUG oslo_service.periodic_task [req-c4434725-9b8d-4fe3-b41c-fcf7b89869a5 - - - - -] Running periodic task ComputeManager._heal_instance_info_cache run_periodic_tasks /usr/lib/python2.7/site-packages/oslo_service/periodic_task.py:215","spriority":"191","hostname":"overcloud-compute-1","protocol":"TCP","port":"7790","sender":"/192.168.1.16","service":"Nova","id":"e5212520-3013-4468-aa4c-501a2b26ed80","facility":"23","timestamp":"2017-04-28T08:38:47.192139+00:00"}
{"severity":"7","body":"nova-compute - - -
2017-04-28 08:38:43.798 595544 DEBUG oslo_messaging._drivers.amqpdriver [req-c4434725-9b8d-4fe3-b41c-fcf7b89869a5 - - - - -] CALL msg_id: dbc10794dd904addabb01f015dcf23ab exchange 'nova' topic 'conductor' _send /usr/lib/python2.7/site-packages/oslo_messaging/_drivers/amqpdriver.py:448","spriority":"191","hostname":"overcloud-compute-1","protocol":"TCP","port":"7790","sender":"/192.168.1.16","service":"Nova","id":"7fed819a-869f-486b-8c61-95faa76ae836","facility":"23","timestamp":"2017-04-28T08:38:47.192196+00:00"}
{"severity":"7","body":"nova-compute - - -
2017-04-28 08:38:44.401 595544 DEBUG neutronclient.v2_0.client [req-c4434725-9b8d-4fe3-b41c-fcf7b89869a5 - - - - -] GET call to neutron for http://192.168.1.35:9696/v2.0/ports.json?network_id=fe7bd56e-fe8e-4fb2-b8c3-cc0705b41019&device_owner=network%3Adhcp used request id req-8398908f-338e-4581-aa32-3faef6eb658c _append_request_id /usr/lib/python2.7/site-packages/neutronclient/v2_0/client.py:127","spriority":"191","hostname":"overcloud-compute-1","protocol":"TCP","port":"7790","sender":"/192.168.1.16","service":"Nova","id":"cded3a83-9d9e-4070-a08d-ef8e0d8711ca","facility":"23","timestamp":"2017-04-28T08:38:47.192244+00:00"}
{"severity":"7","body":"nova-compute - - -
2017-04-28 08:38:40.355 595544 DEBUG oslo_messaging._drivers.amqpdriver [-] CALL msg_id: 66daaf5c34de4db49247487a732e2cfd exchange 'nova' topic 'conductor' _send /usr/lib/python2.7/site-packages/oslo_messaging/_drivers/amqpdriver.py:448","spriority":"191","hostname":"overcloud-compute-1","protocol":"TCP","port":"7790","sender":"/192.168.1.16","service":"Nova","id":"106d612c-46d8-48d9-92a1-22464f00bbbe","facility":"23","timestamp":"2017-04-28T08:38:47.192118+00:00"}
{"severity":"7","body":"nova-compute - - -
2017-04-28 08:38:43.796 595544 DEBUG oslo_concurrency.lockutils [req-c4434725-9b8d-4fe3-b41c-fcf7b89869a5 - - - - -] Acquired semaphore \"refresh_cache-e9a6c92f-1e41-48d6-977f-5b60ba104688\" lock /usr/lib/python2.7/site-packages/oslo_concurrency/lockutils.py:212","spriority":"191","hostname":"overcloud-compute-1","protocol":"TCP","port":"7790","sender":"/192.168.1.16","service":"Nova","id":"0e05cc7a-da13-478b-8662-7230d59d8b67","facility":"23","timestamp":"2017-04-28T08:38:47.192174+00:00"}
{"severity":"7","body":"nova-compute - - -
2017-04-28 08:38:43.880 595544 DEBUG oslo_messaging._drivers.amqpdriver [-] received reply msg_id: e1e8afb66b734453b1d90aa51006692b __call__ /usr/lib/python2.7/site-packages/oslo_messaging/_drivers/amqpdriver.py:296","spriority":"191","hostname":"overcloud-compute-1","protocol":"TCP","port":"7790","sender":"/192.168.1.16","service":"Nova","id":"38b8ca1c-fa2d-4f95-986d-7be1bf930101","facility":"23","timestamp":"2017-04-28T08:38:47.192210+00:00"}
{"severity":"7","body":"nova-compute - - -
2017-04-28 08:38:44.424 595544 DEBUG oslo_messaging._drivers.amqpdriver [-] received reply msg_id: 0fc9c9fdb93e4b35a3a15072e4e07c0a __call__ /usr/lib/python2.7/site-packages/oslo_messaging/_drivers/amqpdriver.py:296","spriority":"191","hostname":"overcloud-compute-1","protocol":"TCP","port":"7790","sender":"/192.168.1.16","service":"Nova","id":"1630de21-d050-463c-ab04-6a963d6c060d","facility":"23","timestamp":"2017-04-28T08:38:47.192272+00:00"}
{"severity":"7","body":"nova-compute - - -
2017-04-28 08:38:43.763 595544 DEBUG nova.compute.manager [req-c4434725-9b8d-4fe3-b41c-fcf7b89869a5 - - - - -] Rebuilding the list of instances to heal _heal_instance_info_cache /usr/lib/python2.7/site-packages/nova/compute/manager.py:5713","spriority":"191","hostname":"overcloud-compute-1","protocol":"TCP","port":"7790","sender":"/192.168.1.16","service":"Nova","id":"0e11f853-e2d4-4b16-8820-b520f9679590","facility":"23","timestamp":"2017-04-28T08:38:47.192153+00:00"}
{"severity":"7","body":"nova-compute - - -
2017-04-28 08:38:43.864 595544 DEBUG oslo_messaging._drivers.amqpdriver [req-c4434725-9b8d-4fe3-b41c-fcf7b89869a5 - - - - -] CALL msg_id: e1e8afb66b734453b1d90aa51006692b exchange 'nova' topic 'conductor' _send /usr/lib/python2.7/site-packages/oslo_messaging/_drivers/amqpdriver.py:448","spriority":"191","hostname":"overcloud-compute-1","protocol":"TCP","port":"7790","sender":"/192.168.1.16","service":"Nova","id":"6335ccb7-d55b-40cd-93b1-972e05a9a35f","facility":"23","timestamp":"2017-04-28T08:38:47.192206+00:00"}
{"severity":"7","body":"nova-compute - - -
2017-04-28 08:38:44.403 595544 DEBUG oslo_messaging._drivers.amqpdriver [req-c4434725-9b8d-4fe3-b41c-fcf7b89869a5 - - - - -] CALL msg_id: 0fc9c9fdb93e4b35a3a15072e4e07c0a exchange 'nova' topic 'conductor' _send /usr/lib/python2.7/site-packages/oslo_messaging/_drivers/amqpdriver.py:448","spriority":"191","hostname":"overcloud-compute-1","protocol":"TCP","port":"7790","sender":"/192.168.1.16","service":"Nova","id":"6c63fad7-b4e2-47a4-9a2a-a88c9ccfb989","facility":"23","timestamp":"2017-04-28T08:38:47.192268+00:00"}
{"severity":"7","body":"nova-compute - - -
2017-04-28 08:38:42.763 595544 DEBUG oslo_service.periodic_task [req-c4434725-9b8d-4fe3-b41c-fcf7b89869a5 - - - - -] Running periodic task ComputeManager._poll_volume_usage run_periodic_tasks /usr/lib/python2.7/site-packages/oslo_service/periodic_task.py:215","spriority":"191","hostname":"overcloud-compute-1","protocol":"TCP","port":"7790","sender":"/192.168.1.16","service":"Nova","id":"6a25a9e4-a560-4ab8-ac5c-9d80489de1fb","facility":"23","timestamp":"2017-04-28T08:38:47.192132+00:00"}
{"severity":"7","body":"nova-compute - - -
2017-04-28 08:38:43.797 595544 DEBUG nova.objects.instance [req-c4434725-9b8d-4fe3-b41c-fcf7b89869a5 - - - - -] Lazy-loading 'info_cache' on Instance uuid e9a6c92f-1e41-48d6-977f-5b60ba104688 obj_load_attr /usr/lib/python2.7/site-packages/nova/objects/instance.py:1013","spriority":"191","hostname":"overcloud-compute-1","protocol":"TCP","port":"7790","sender":"/192.168.1.16","service":"Nova","id":"e0c8ac77-172e-4d49-ba5d-a541390bb80f","facility":"23","timestamp":"2017-04-28T08:38:47.192191+00:00"}
{"severity":"7","body":"nova-compute - - -
2017-04-28 08:38:44.030 595544 DEBUG neutronclient.v2_0.client [req-c4434725-9b8d-4fe3-b41c-fcf7b89869a5 - - - - -] GET call to neutron for http://192.168.1.35:9696/v2.0/networks.json?id=fe7bd56e-fe8e-4fb2-b8c3-cc0705b41019 used request id req-55349c14-607e-43a6-b325-ef67ec0f2a21 _append_request_id /usr/lib/python2.7/site-packages/neutronclient/v2_0/client.py:127","spriority":"191","hostname":"overcloud-compute-1","protocol":"TCP","port":"7790","sender":"/192.168.1.16","service":"Nova","id":"7fc730d7-b471-4fd1-9b5e-901601b73f83","facility":"23","timestamp":"2017-04-28T08:38:47.192225+00:00"}
{"severity":"7","body":"nova-compute - - -
2017-04-28 08:38:44.425 595544 DEBUG nova.compute.manager [req-c4434725-9b8d-4fe3-b41c-fcf7b89869a5 - - - - -] [instance: e9a6c92f-1e41-48d6-977f-5b60ba104688] Updated the network info_cache for instance _heal_instance_info_cache /usr/lib/python2.7/site-packages/nova/compute/manager.py:5771","spriority":"191","hostname":"overcloud-compute-1","protocol":"TCP","port":"7790","sender":"/192.168.1.16","service":"Nova","id":"043391d9-df1a-438c-961e-d766707eb0f1","facility":"23","timestamp":"2017-04-28T08:38:47.192282+00:00"}
{"severity":"7","body":"nova-compute - - -
2017-04-28 08:38:43.795 595544 DEBUG oslo_messaging._drivers.amqpdriver [-] received reply msg_id: e4b6f2acf1754426984569415ec301f3 __call__ /usr/lib/python2.7/site-packages/oslo_messaging/_drivers/amqpdriver.py:296","spriority":"191","hostname":"overcloud-compute-1","protocol":"TCP","port":"7790","sender":"/192.168.1.16","service":"Nova","id":"9a61e37b-f316-4bd5-9e05-ce3ca0b9255f","facility":"23","timestamp":"2017-04-28T08:38:47.192167+00:00"}
{"severity":"7","body":"nova-compute - - -
2017-04-28 08:38:43.940 595544 DEBUG neutronclient.v2_0.client [req-c4434725-9b8d-4fe3-b41c-fcf7b89869a5 - - - - -] GET call to neutron for http://192.168.1.35:9696/v2.0/ports.json?tenant_id=80aae9ddea9443a0ae6b019266b45da8&device_id=e9a6c92f-1e41-48d6-977f-5b60ba104688 used request id req-855c670d-2006-43d6-9628-e8db4bbcc756 _append_request_id /usr/lib/python2.7/site-packages/neutronclient/v2_0/client.py:127","spriority":"191","hostname":"overcloud-compute-1","protocol":"TCP","port":"7790","sender":"/192.168.1.16","service":"Nova","id":"a34d5889-839f-4926-9f18-2ae0feb90735","facility":"23","timestamp":"2017-04-28T08:38:47.192219+00:00"}
{"severity":"7","body":"nova-compute - - -
2017-04-28 08:38:44.425 595544 DEBUG oslo_concurrency.lockutils [req-c4434725-9b8d-4fe3-b41c-fcf7b89869a5 - - - - -] Releasing semaphore \"refresh_cache-e9a6c92f-1e41-48d6-977f-5b60ba104688\" lock /usr/lib/python2.7/site-packages/oslo_concurrency/lockutils.py:225","spriority":"191","hostname":"overcloud-compute-1","protocol":"TCP","port":"7790","sender":"/192.168.1.16","service":"Nova","id":"fe305363-45ea-4eb9-8f05-c699f5d34d36","facility":"23","timestamp":"2017-04-28T08:38:47.192276+00:00"}
{"severity":"7","body":"neutron - - -
2017-04-28 08:38:44.029 125425 INFO neutron.wsgi [req-55349c14-607e-43a6-b325-ef67ec0f2a21 53fd1c7e36f54ae9a666ac0bb718e845 2cddb9a9318841728123a404dbe6e573 - - -] 192.168.1.12 - - [28/Apr/2017 08:38:44] \"GET /v2.0/networks.json?id=fe7bd56e-fe8e-4fb2-b8c3-cc0705b41019 HTTP/1.1\" 200 916 0.084020","spriority":"191","hostname":"overcloud-controller-1","protocol":"TCP","port":"7793","sender":"/192.168.1.13","service":"Neutron","id":"5db48396-1736-4756-9f0c-0639dd5668c4","facility":"23","timestamp":"2017-04-28T08:38:52.384349+00:00"}
{"severity":"7","body":"neutron - - -
2017-04-28 08:38:44.400 125425 INFO neutron.wsgi [req-8398908f-338e-4581-aa32-3faef6eb658c 53fd1c7e36f54ae9a666ac0bb718e845 2cddb9a9318841728123a404dbe6e573 - - -] 192.168.1.12 - - [28/Apr/2017 08:38:44] \"GET /v2.0/ports.json?network_id=fe7bd56e-fe8e-4fb2-b8c3-cc0705b41019&device_owner=network%3Adhcp HTTP/1.1\" 200 3110 0.066861","spriority":"191","hostname":"overcloud-controller-1","protocol":"TCP","port":"7793","sender":"/192.168.1.13","service":"Neutron","id":"53ac5df6-79b0-47d8-ac34-4281d81163b0","facility":"23","timestamp":"2017-04-28T08:38:52.384362+00:00"}
{"severity":"7","body":"nova-compute - - -
2017-04-28 08:38:52.321 666666 ERROR nova.compute.keedio_redhat [ Generating synthetic log CEP_ID=8f2ac2a14ccac61a2abe9c88931a1b36 ]","spriority":"191","hostname":"overcloud-compute-1","protocol":"TCP","port":"7790","sender":"/192.168.1.16","service":"Nova","id":"6dfd6602-82f1-4103-9ea2-9b0c1a1a018d","facility":"23","timestamp":"2017-04-28T08:38:57.203364+00:00"}
{"severity":"7","body":"nova-compute - - -
2017-04-28 08:38:50.386 595544 DEBUG oslo_messaging._drivers.amqpdriver [-] received reply msg_id: cb8d6e20d38842b2a4d96ff4f65f8ef4 __call__ /usr/lib/python2.7/site-packages/oslo_messaging/_drivers/amqpdriver.py:296","spriority":"191","hostname":"overcloud-compute-1","protocol":"TCP","port":"7790","sender":"/192.168.1.16","service":"Nova","id":"39fc9777-a0bc-4b12-99e1-edd588493187","facility":"23","timestamp":"2017-04-28T08:38:57.202990+00:00"}
{"severity":"7","body":"nova-compute - - -
2017-04-28 08:38:50.359 595544 DEBUG oslo_messaging._drivers.amqpdriver [-] CALL msg_id: cb8d6e20d38842b2a4d96ff4f65f8ef4 exchange 'nova' topic 'conductor' _send /usr/lib/python2.7/site-packages/oslo_messaging/_drivers/amqpdriver.py:448","spriority":"191","hostname":"overcloud-compute-1","protocol":"TCP","port":"7790","sender":"/192.168.1.16","service":"Nova","id":"db8eefcc-e689-4f78-ac6b-91200a22045d","facility":"23","timestamp":"2017-04-28T08:38:57.202973+00:00"}
{"severity":"7","body":"neutron - - -
2017-04-28 08:38:55.123 666667 INFO neutron.network.keedio_redhat [ Generating synthetic log CEP_ID=8f2ac2a14ccac61a2abe9c88931a1b36 ]","spriority":"191","hostname":"overcloud-controller-1","protocol":"TCP","port":"7793","sender":"/192.168.1.13","service":"Neutron","id":"caf0c2c9-1ddd-4e5f-ad53-77027d41fbdf","facility":"23","timestamp":"2017-04-28T08:39:02.393457+00:00"}
{"severity":"7","body":"neutron - - -
2017-04-28 08:38:59.378 125425 INFO neutron.wsgi [req-cf0a93b5-a07b-438f-a2a7-b49c828ab3e2 53fd1c7e36f54ae9a666ac0bb718e845 2cddb9a9318841728123a404dbe6e573 - - -] 192.168.1.12 - - [28/Apr/2017 08:38:59] \"GET /v2.0/subnets.json?id=2859fdcc-a4a3-4a80-afb0-f15062663628 HTTP/1.1\" 200 846 0.068492","spriority":"191","hostname":"overcloud-controller-1","protocol":"TCP","port":"7793","sender":"/192.168.1.13","service":"Neutron","id":"03110943-624a-444b-a2b8-3b55c5fd860a","facility":"23","timestamp":"2017-04-28T08:39:02.393350+00:00"}
{"severity":"7","body":"neutron - - -
2017-04-28 08:38:59.193 125425 INFO neutron.wsgi [req-a00d0677-8b6d-49c5-aca5-5bcd35a0b956 53fd1c7e36f54ae9a666ac0bb718e845 2cddb9a9318841728123a404dbe6e573 - - -] 192.168.1.12 - - [28/Apr/2017 08:38:59] \"GET /v2.0/ports.json?tenant_id=80aae9ddea9443a0ae6b019266b45da8&device_id=0880e431-b3e5-45d8-aef5-93b11cf0abb1 HTTP/1.1\" 200 1153 0.053961","spriority":"191","hostname":"overcloud-controller-1","protocol":"TCP","port":"7793","sender":"/192.168.1.13","service":"Neutron","id":"d02e15aa-14d9-43a9-bc76-4eeca228d972","facility":"23","timestamp":"2017-04-28T08:39:02.393345+00:00"}
{"severity":"7","body":"neutron - - -
2017-04-28 08:38:54.814 125425 INFO neutron.wsgi [req-6bc89db4-2d9a-49f5-8a3a-caed2ab99711 53fd1c7e36f54ae9a666ac0bb718e845 2cddb9a9318841728123a404dbe6e573 - - -] 192.168.1.12 - - [28/Apr/2017 08:38:54] \"GET /v2.0/floatingips.json?fixed_ip_address=10.10.10.39&port_id=fb37f36a-d034-4ae9-b388-cf977fa15a02 HTTP/1.1\" 200 718 0.024308","spriority":"191","hostname":"overcloud-controller-1","protocol":"TCP","port":"7793","sender":"/192.168.1.13","service":"Neutron","id":"17728c9a-fcec-44ba-84fb-4c80d368b2ab","facility":"23","timestamp":"2017-04-28T08:39:02.393332+00:00"}
{"severity":"7","body":"nova-compute - - -
2017-04-28 08:39:00.358 595544 DEBUG oslo_messaging._drivers.amqpdriver [-] CALL msg_id: cdcd0d6b4dda4ed1958a91706fc090fa exchange 'nova' topic 'conductor' _send /usr/lib/python2.7/site-packages/oslo_messaging/_drivers/amqpdriver.py:448","spriority":"191","hostname":"overcloud-compute-1","protocol":"TCP","port":"7790","sender":"/192.168.1.16","service":"Nova","id":"ed89fe25-d464-4b62-be50-9b6266ac239e","facility":"23","timestamp":"2017-04-28T08:39:07.208550+00:00"}
{"severity":"7","body":"nova-compute - - -
2017-04-28 08:39:00.391 595544 DEBUG oslo_messaging._drivers.amqpdriver [-] received reply msg_id: cdcd0d6b4dda4ed1958a91706fc090fa __call__ /usr/lib/python2.7/site-packages/oslo_messaging/_drivers/amqpdriver.py:296","spriority":"191","hostname":"overcloud-compute-1","protocol":"TCP","port":"7790","sender":"/192.168.1.16","service":"Nova","id":"461fdc4b-04fb-4363-8177-b4c56f07dd08","facility":"23","timestamp":"2017-04-28T08:39:07.208559+00:00"}
{"severity":"7","body":"nova-compute - - -
2017-04-28 08:39:00.425 595544 DEBUG oslo_service.periodic_task [req-c4434725-9b8d-4fe3-b41c-fcf7b89869a5 - - - - -] Running periodic task ComputeManager._reclaim_queued_deletes run_periodic_tasks /usr/lib/python2.7/site-packages/oslo_service/periodic_task.py:215","spriority":"191","hostname":"overcloud-compute-1","protocol":"TCP","port":"7790","sender":"/192.168.1.16","service":"Nova","id":"21fa0f61-45a6-4f21-87f0-8db3fe92c163","facility":"23","timestamp":"2017-04-28T08:39:07.208564+00:00"}
{"severity":"7","body":"nova-compute - - -
2017-04-28 08:39:00.425 595544 DEBUG nova.compute.manager [req-c4434725-9b8d-4fe3-b41c-fcf7b89869a5 - - - - -] CONF.reclaim_instance_interval <= 0, skipping... _reclaim_queued_deletes /usr/lib/python2.7/site-packages/nova/compute/manager.py:6381","spriority":"191","hostname":"overcloud-compute-1","protocol":"TCP","port":"7790","sender":"/192.168.1.16","service":"Nova","id":"48736e07-326e-41a6-bc8c-03be02ffdcf1","facility":"23","timestamp":"2017-04-28T08:39:07.208569+00:00"}
{"severity":"7","body":"nova-compute - - -
2017-04-28 08:39:00.426 595544 DEBUG oslo_service.periodic_task [req-c4434725-9b8d-4fe3-b41c-fcf7b89869a5 - - - - -] Running periodic task ComputeManager._poll_bandwidth_usage run_periodic_tasks /usr/lib/python2.7/site-packages/oslo_service/periodic_task.py:215","spriority":"191","hostname":"overcloud-compute-1","protocol":"TCP","port":"7790","sender":"/192.168.1.16","service":"Nova","id":"8bcbfef9-9b98-4b0a-8a39-901014672ddf","facility":"23","timestamp":"2017-04-28T08:39:07.208574+00:00"}
{"severity":"7","body":"nova-compute - - -
2017-04-28 08:39:06.321 666666 ERROR nova.compute.keedio_redhat [ Generating synthetic log CEP_ID=687accac60e951b8028ed1b950e9905c ]","spriority":"191","hostname":"overcloud-compute-1","protocol":"TCP","port":"7790","sender":"/192.168.1.16","service":"Nova","id":"de387788-4405-4897-ad6f-b9dfc79317e8","facility":"23","timestamp":"2017-04-28T08:39:07.208777+00:00"}
{"severity":"7","body":"neutron - - -
2017-04-28 08:39:06.708 125425 INFO neutron.wsgi [req-f6c2ebc6-818e-4add-ab82-3e904413bc21 53fd1c7e36f54ae9a666ac0bb718e845 2cddb9a9318841728123a404dbe6e573 - - -] 192.168.1.12 - - [28/Apr/2017 08:39:06] \"GET /v2.0/ports.json?network_id=fe7bd56e-fe8e-4fb2-b8c3-cc0705b41019&device_owner=network%3Adhcp HTTP/1.1\" 200 3110 0.054671","spriority":"191","hostname":"overcloud-controller-1","protocol":"TCP","port":"7793","sender":"/192.168.1.13","service":"Neutron","id":"36594119-feb3-456f-a11a-b412a4630c69","facility":"23","timestamp":"2017-04-28T08:39:12.403202+00:00"}
{"severity":"7","body":"neutron - - -
2017-04-28 08:39:09.123 666667 INFO neutron.network.keedio_redhat [ Generating synthetic log CEP_ID=687accac60e951b8028ed1b950e9905c ]","spriority":"191","hostname":"overcloud-controller-1","protocol":"TCP","port":"7793","sender":"/192.168.1.13","service":"Neutron","id":"f74a398f-dd50-4c9a-8d98-73162277ca93","facility":"23","timestamp":"2017-04-28T08:39:12.403295+00:00"}
{"severity":"7","body":"neutron - - -
2017-04-28 08:39:06.480 125425 INFO neutron.wsgi [req-028724ec-c53e-4a1e-9b03-6bc4b5acdd32 53fd1c7e36f54ae9a666ac0bb718e845 2cddb9a9318841728123a404dbe6e573 - - -] 192.168.1.12 - - [28/Apr/2017 08:39:06] \"GET /v2.0/networks.json?id=fe7bd56e-fe8e-4fb2-b8c3-cc0705b41019 HTTP/1.1\" 200 916 0.134263","spriority":"191","hostname":"overcloud-controller-1","protocol":"TCP","port":"7793","sender":"/192.168.1.13","service":"Neutron","id":"81fc43f2-3737-4e85-bc09-bac46a1d9826","facility":"23","timestamp":"2017-04-28T08:39:12.403195+00:00"}
{"severity":"7","body":"nova-compute - - -
2017-04-28 08:39:10.358 595544 DEBUG oslo_messaging._drivers.amqpdriver [-] CALL msg_id: d2ca267b09004fed8680fafe3be22855 exchange 'nova' topic 'conductor' _send /usr/lib/python2.7/site-packages/oslo_messaging/_drivers/amqpdriver.py:448","spriority":"191","hostname":"overcloud-compute-1","protocol":"TCP","port":"7790","sender":"/192.168.1.16","service":"Nova","id":"8085bc21-73ef-48b1-8726-9f22dca3df0a","facility":"23","timestamp":"2017-04-28T08:39:17.219052+00:00"}
{"severity":"7","body":"nova-compute - - -
2017-04-28 08:39:14.762 595544 DEBUG oslo_service.periodic_task [req-c4434725-9b8d-4fe3-b41c-fcf7b89869a5 - - - - -] Running periodic task ComputeManager.update_available_resource run_periodic_tasks /usr/lib/python2.7/site-packages/oslo_service/periodic_task.py:215","spriority":"191","hostname":"overcloud-compute-1","protocol":"TCP","port":"7790","sender":"/192.168.1.16","service":"Nova","id":"b817ed2f-d0f7-4e5a-8ab4-d79c97391dae","facility":"23","timestamp":"2017-04-28T08:39:17.219076+00:00"}
{"severity":"7","body":"nova-compute - - -
2017-04-28 08:39:14.784 595544 DEBUG oslo_messaging._drivers.amqpdriver [-] received reply msg_id: b9ad6a48558d4aea84a490da199b145c __call__ /usr/lib/python2.7/site-packages/oslo_messaging/_drivers/amqpdriver.py:296","spriority":"191","hostname":"overcloud-compute-1","protocol":"TCP","port":"7790","sender":"/192.168.1.16","service":"Nova","id":"76b64850-8d4a-4ab2-8d71-52111e54cf23","facility":"23","timestamp":"2017-04-28T08:39:17.219090+00:00"}
{"severity":"7","body":"nova-compute - - -
2017-04-28 08:39:14.813 595544 DEBUG oslo_messaging._drivers.amqpdriver [req-c4434725-9b8d-4fe3-b41c-fcf7b89869a5 - - - - -] CALL msg_id: 3ef5fc44f10340fe8a56f058de81a89f exchange 'nova' topic 'conductor' _send /usr/lib/python2.7/site-packages/oslo_messaging/_drivers/amqpdriver.py:448","spriority":"191","hostname":"overcloud-compute-1","protocol":"TCP","port":"7790","sender":"/192.168.1.16","service":"Nova","id":"77c79f91-38c4-4eaa-a1aa-c9ddcecc4507","facility":"23","timestamp":"2017-04-28T08:39:17.219103+00:00"}
{"severity":"7","body":"nova-compute - - -
2017-04-28 08:39:14.857 595544 DEBUG oslo_messaging._drivers.amqpdriver [req-c4434725-9b8d-4fe3-b41c-fcf7b89869a5 - - - - -] CALL msg_id: b93f9e8121e84b63b68047350c84529e exchange 'nova' topic 'conductor' _send /usr/lib/python2.7/site-packages/oslo_messaging/_drivers/amqpdriver.py:448","spriority":"191","hostname":"overcloud-compute-1","protocol":"TCP","port":"7790","sender":"/192.168.1.16","service":"Nova","id":"596310d9-ff2b-4359-87a0-4e6e6507c192","facility":"23","timestamp":"2017-04-28T08:39:17.219117+00:00"}
{"severity":"7","body":"nova-compute - - -
2017-04-28 08:39:14.883 595544 DEBUG oslo_concurrency.processutils [req-c4434725-9b8d-4fe3-b41c-fcf7b89869a5 - - - - -] Running cmd (subprocess): /usr/bin/python2 -m oslo_concurrency.prlimit --as=1073741824 --cpu=2 -- env LC_ALL=C LANG=C qemu-img info /var/lib/nova/instances/e9a6c92f-1e41-48d6-977f-5b60ba104688/disk execute /usr/lib/python2.7/site-packages/oslo_concurrency/processutils.py:344","spriority":"191","hostname":"overcloud-compute-1","protocol":"TCP","port":"7790","sender":"/192.168.1.16","service":"Nova","id":"ee5e3110-eded-4a21-9949-0a2b023fc7e0","facility":"23","timestamp":"2017-04-28T08:39:17.219133+00:00"}
{"severity":"7","body":"nova-compute - - -
2017-04-28 08:39:15.123 595544 DEBUG oslo_concurrency.processutils [req-c4434725-9b8d-4fe3-b41c-fcf7b89869a5 - - - - -] Running cmd (subprocess): /usr/bin/python2 -m oslo_concurrency.prlimit --as=1073741824 --cpu=2 -- env LC_ALL=C LANG=C qemu-img info /var/lib/nova/instances/e9a6c92f-1e41-48d6-977f-5b60ba104688/disk.swap execute /usr/lib/python2.7/site-packages/oslo_concurrency/processutils.py:344","spriority":"191","hostname":"overcloud-compute-1","protocol":"TCP","port":"7790","sender":"/192.168.1.16","service":"Nova","id":"19da0449-5ee7-4730-a4c6-60c195f33e36","facility":"23","timestamp":"2017-04-28T08:39:17.219175+00:00"}
{"severity":"7","body":"nova-compute - - -
2017-04-28 08:39:15.440 595544 DEBUG oslo_concurrency.lockutils [req-c4434725-9b8d-4fe3-b41c-fcf7b89869a5 - - - - -] Lock \"compute_resources\" acquired by \"nova.compute.resource_tracker._update_available_resource\" :: waited 0.000s inner /usr/lib/python2.7/site-packages/oslo_concurrency/lockutils.py:270","spriority":"191","hostname":"overcloud-compute-1","protocol":"TCP","port":"7790","sender":"/192.168.1.16","service":"Nova","id":"6b993239-a29b-4f2e-ab0f-2693820b7578","facility":"23","timestamp":"2017-04-28T08:39:17.219410+00:00"}
{"severity":"7","body":"nova-compute - - -
2017-04-28 08:39:15.478 595544 DEBUG oslo_messaging._drivers.amqpdriver [-] received reply msg_id: 881e3ea70ff941e19c280f1c8ef6094c __call__ /usr/lib/python2.7/site-packages/oslo_messaging/_drivers/amqpdriver.py:296","spriority":"191","hostname":"overcloud-compute-1","protocol":"TCP","port":"7790","sender":"/192.168.1.16","service":"Nova","id":"c6a9c6d3-39b7-4a7a-8510-77e51e2f43e2","facility":"23","timestamp":"2017-04-28T08:39:17.219419+00:00"}
{"severity":"7","body":"nova-compute - - -
2017-04-28 08:39:14.788 595544 INFO nova.compute.resource_tracker [req-c4434725-9b8d-4fe3-b41c-fcf7b89869a5 - - - - -] Auditing locally available compute resources for node overcloud-compute-1.localdomain","spriority":"191","hostname":"overcloud-compute-1","protocol":"TCP","port":"7790","sender":"/192.168.1.16","service":"Nova","id":"5d7bdea7-9d4a-4c68-9a67-4124da16ff28","facility":"23","timestamp":"2017-04-28T08:39:17.219096+00:00"}
{"severity":"7","body":"nova-compute - - -
2017-04-28 08:39:14.854 595544 DEBUG oslo_messaging._drivers.amqpdriver [-] received reply msg_id: 3ef5fc44f10340fe8a56f058de81a89f __call__ /usr/lib/python2.7/site-packages/oslo_messaging/_drivers/amqpdriver.py:296","spriority":"191","hostname":"overcloud-compute-1","protocol":"TCP","port":"7790","sender":"/192.168.1.16","service":"Nova","id":"b608e8c1-6a84-48b7-88ba-a6cf36602ffb","facility":"23","timestamp":"2017-04-28T08:39:17.219109+00:00"}
{"severity":"7","body":"nova-compute - - -
2017-04-28 08:39:15.202 595544 DEBUG nova.virt.libvirt.driver [req-c4434725-9b8d-4fe3-b41c-fcf7b89869a5 - - - - -] skipping disk /var/lib/nova/mnt/a08e6150ab9922334f3ecde96c6154b2/volume-40fa2a27-6fa6-4c27-a8fa-15c17f8b26f5 (vde) as it is a volume _get_instance_disk_info /usr/lib/python2.7/site-packages/nova/virt/libvirt/driver.py:6776","spriority":"191","hostname":"overcloud-compute-1","protocol":"TCP","port":"7790","sender":"/192.168.1.16","service":"Nova","id":"fb2f8f06-c94b-456a-a359-7e42a10cb17e","facility":"23","timestamp":"2017-04-28T08:39:17.219198+00:00"}
{"severity":"7","body":"nova-compute - - -
2017-04-28 08:39:15.522 595544 DEBUG oslo_messaging._drivers.amqpdriver [-] received reply msg_id: 4da567520cc94bbda14b257bbd326377 __call__ /usr/lib/python2.7/site-packages/oslo_messaging/_drivers/amqpdriver.py:296","spriority":"191","hostname":"overcloud-compute-1","protocol":"TCP","port":"7790","sender":"/192.168.1.16","service":"Nova","id":"ac517d32-4221-4309-ad26-45d54d8412af","facility":"23","timestamp":"2017-04-28T08:39:17.219427+00:00"}
{"severity":"7","body":"nova-compute - - -
2017-04-28 08:39:15.443 595544 DEBUG oslo_messaging._drivers.amqpdriver [req-c4434725-9b8d-4fe3-b41c-fcf7b89869a5 - - - - -] CALL msg_id: 881e3ea70ff941e19c280f1c8ef6094c exchange 'nova' topic 'conductor' _send /usr/lib/python2.7/site-packages/oslo_messaging/_drivers/amqpdriver.py:448","spriority":"191","hostname":"overcloud-compute-1","protocol":"TCP","port":"7790","sender":"/192.168.1.16","service":"Nova","id":"8c16b464-ef1c-4e30-a3ed-96a1f079abb7","facility":"23","timestamp":"2017-04-28T08:39:17.219415+00:00"}
{"severity":"7","body":"nova-compute - - -
2017-04-28 08:39:15.481 595544 DEBUG oslo_messaging._drivers.amqpdriver [req-c4434725-9b8d-4fe3-b41c-fcf7b89869a5 - - - - -] CALL msg_id: 4da567520cc94bbda14b257bbd326377 exchange 'nova' topic 'conductor' _send /usr/lib/python2.7/site-packages/oslo_messaging/_drivers/amqpdriver.py:448","spriority":"191","hostname":"overcloud-compute-1","protocol":"TCP","port":"7790","sender":"/192.168.1.16","service":"Nova","id":"0b1d0a6d-1211-40f9-ba5d-b9f5dc676b75","facility":"23","timestamp":"2017-04-28T08:39:17.219423+00:00"}
{"severity":"7","body":"nova-compute - - -
2017-04-28 08:39:14.877 595544 DEBUG oslo_messaging._drivers.amqpdriver [-] received reply msg_id: b93f9e8121e84b63b68047350c84529e __call__ /usr/lib/python2.7/site-packages/oslo_messaging/_drivers/amqpdriver.py:296","spriority":"191","hostname":"overcloud-compute-1","protocol":"TCP","port":"7790","sender":"/192.168.1.16","service":"Nova","id":"33c59f0e-af76-4732-b23a-6604a4a9e323","facility":"23","timestamp":"2017-04-28T08:39:17.219123+00:00"}
{"severity":"7","body":"nova-compute - - -
2017-04-28 08:39:14.966 595544 DEBUG oslo_concurrency.processutils [req-c4434725-9b8d-4fe3-b41c-fcf7b89869a5 - - - - -] CMD \"/usr/bin/python2 -m oslo_concurrency.prlimit --as=1073741824 --cpu=2 -- env LC_ALL=C LANG=C qemu-img info /var/lib/nova/instances/e9a6c92f-1e41-48d6-977f-5b60ba104688/disk\" returned: 0 in 0.082s execute /usr/lib/python2.7/site-packages/oslo_concurrency/processutils.py:374","spriority":"191","hostname":"overcloud-compute-1","protocol":"TCP","port":"7790","sender":"/192.168.1.16","service":"Nova","id":"d30efd4d-31ab-4c19-9aff-7216d035dac3","facility":"23","timestamp":"2017-04-28T08:39:17.219140+00:00"}
{"severity":"7","body":"nova-compute - - -
2017-04-28 08:39:15.044 595544 DEBUG oslo_concurrency.processutils [req-c4434725-9b8d-4fe3-b41c-fcf7b89869a5 - - - - -] CMD \"/usr/bin/python2 -m oslo_concurrency.prlimit --as=1073741824 --cpu=2 -- env LC_ALL=C LANG=C qemu-img info /var/lib/nova/instances/e9a6c92f-1e41-48d6-977f-5b60ba104688/disk\" returned: 0 in 0.077s execute /usr/lib/python2.7/site-packages/oslo_concurrency/processutils.py:374","spriority":"191","hostname":"overcloud-compute-1","protocol":"TCP","port":"7790","sender":"/192.168.1.16","service":"Nova","id":"1fe52051-6cc2-4d60-970d-2fbd28fe3787","facility":"23","timestamp":"2017-04-28T08:39:17.219153+00:00"}
{"severity":"7","body":"nova-compute - - -
2017-04-28 08:39:15.200 595544 DEBUG oslo_concurrency.processutils [req-c4434725-9b8d-4fe3-b41c-fcf7b89869a5 - - - - -] CMD \"/usr/bin/python2 -m oslo_concurrency.prlimit --as=1073741824 --cpu=2 -- env LC_ALL=C LANG=C qemu-img info /var/lib/nova/instances/e9a6c92f-1e41-48d6-977f-5b60ba104688/disk.swap\" returned: 0 in 0.077s execute /usr/lib/python2.7/site-packages/oslo_concurrency/processutils.py:374","spriority":"191","hostname":"overcloud-compute-1","protocol":"TCP","port":"7790","sender":"/192.168.1.16","service":"Nova","id":"d277e2b2-d046-44cf-8c6b-8f828205fbc0","facility":"23","timestamp":"2017-04-28T08:39:17.219182+00:00"}
{"severity":"7","body":"nova-compute - - -
2017-04-28 08:39:15.575 595544 DEBUG oslo_messaging._drivers.amqpdriver [-] received reply msg_id: d7e6ec6540cc4c44be3fb27ea4229598 __call__ /usr/lib/python2.7/site-packages/oslo_messaging/_drivers/amqpdriver.py:296","spriority":"191","hostname":"overcloud-compute-1","protocol":"TCP","port":"7790","sender":"/192.168.1.16","service":"Nova","id":"3d67f9fe-e89d-4136-9c37-3f42086950ad","facility":"23","timestamp":"2017-04-28T08:39:17.219436+00:00"}
{"severity":"7","body":"nova-compute - - -
2017-04-28 08:39:15.616 595544 DEBUG oslo_messaging._drivers.amqpdriver [-] received reply msg_id: 6b618e551e1d4f7d9eb332052b511f6c __call__ /usr/lib/python2.7/site-packages/oslo_messaging/_drivers/amqpdriver.py:296","spriority":"191","hostname":"overcloud-compute-1","protocol":"TCP","port":"7790","sender":"/192.168.1.16","service":"Nova","id":"0e25bbf7-971b-4f2d-95dc-eaf43129a4ac","facility":"23","timestamp":"2017-04-28T08:39:17.219453+00:00"}
{"severity":"7","body":"nova-compute - - -
2017-04-28 08:39:14.967 595544 DEBUG oslo_concurrency.processutils [req-c4434725-9b8d-4fe3-b41c-fcf7b89869a5 - - - - -] Running cmd (subprocess): /usr/bin/python2 -m oslo_concurrency.prlimit --as=1073741824 --cpu=2 -- env LC_ALL=C LANG=C qemu-img info /var/lib/nova/instances/e9a6c92f-1e41-48d6-977f-5b60ba104688/disk execute /usr/lib/python2.7/site-packages/oslo_concurrency/processutils.py:344","spriority":"191","hostname":"overcloud-compute-1","protocol":"TCP","port":"7790","sender":"/192.168.1.16","service":"Nova","id":"ebaa4f62-82b4-48df-bbff-210d142c41dc","facility":"23","timestamp":"2017-04-28T08:39:17.219147+00:00"}
{"severity":"7","body":"nova-compute - - -
2017-04-28 08:39:15.045 595544 DEBUG oslo_concurrency.processutils [req-c4434725-9b8d-4fe3-b41c-fcf7b89869a5 - - - - -] Running cmd (subprocess): /usr/bin/python2 -m oslo_concurrency.prlimit --as=1073741824 --cpu=2 -- env LC_ALL=C LANG=C qemu-img info /var/lib/nova/instances/e9a6c92f-1e41-48d6-977f-5b60ba104688/disk.swap execute /usr/lib/python2.7/site-packages/oslo_concurrency/processutils.py:344","spriority":"191","hostname":"overcloud-compute-1","protocol":"TCP","port":"7790","sender":"/192.168.1.16","service":"Nova","id":"7d2f94ff-d19e-479e-9850-adbe5174eb1a","facility":"23","timestamp":"2017-04-28T08:39:17.219162+00:00"}
{"severity":"7","body":"nova-compute - - -
2017-04-28 08:39:15.201 595544 DEBUG nova.virt.libvirt.driver [req-c4434725-9b8d-4fe3-b41c-fcf7b89869a5 - - - - -] skipping disk /var/lib/nova/mnt/a08e6150ab9922334f3ecde96c6154b2/volume-ceae24fd-2f12-42f2-8d7b-2cad4b6c3f05 (vdc) as it is a volume _get_instance_disk_info /usr/lib/python2.7/site-packages/nova/virt/libvirt/driver.py:6776","spriority":"191","hostname":"overcloud-compute-1","protocol":"TCP","port":"7790","sender":"/192.168.1.16","service":"Nova","id":"0633ca23-459c-49c1-ab62-b0600a747ec6","facility":"23","timestamp":"2017-04-28T08:39:17.219187+00:00"}
{"severity":"7","body":"nova-compute - - -
2017-04-28 08:39:15.439 595544 DEBUG nova.compute.resource_tracker [req-c4434725-9b8d-4fe3-b41c-fcf7b89869a5 - - - - -] Hypervisor: free VCPUs: 12 _report_hypervisor_resource_view /usr/lib/python2.7/site-packages/nova/compute/resource_tracker.py:623","spriority":"191","hostname":"overcloud-compute-1","protocol":"TCP","port":"7790","sender":"/192.168.1.16","service":"Nova","id":"f7e57f07-121b-47d3-aae7-350c9812242b","facility":"23","timestamp":"2017-04-28T08:39:17.219208+00:00"}
{"severity":"7","body":"nova-compute - - -
2017-04-28 08:39:15.576 595544 INFO nova.compute.resource_tracker [req-c4434725-9b8d-4fe3-b41c-fcf7b89869a5 - - - - -] Total usable vcpus: 16, total allocated vcpus: 4","spriority":"191","hostname":"overcloud-compute-1","protocol":"TCP","port":"7790","sender":"/192.168.1.16","service":"Nova","id":"31e512fe-0089-471f-9ebc-97900658733e","facility":"23","timestamp":"2017-04-28T08:39:17.219439+00:00"}
{"severity":"7","body":"nova-compute - - -
2017-04-28 08:39:15.617 595544 INFO nova.compute.resource_tracker [req-c4434725-9b8d-4fe3-b41c-fcf7b89869a5 - - - - -] Compute_service record updated for overcloud-compute-1.localdomain:overcloud-compute-1.localdomain","spriority":"191","hostname":"overcloud-compute-1","protocol":"TCP","port":"7790","sender":"/192.168.1.16","service":"Nova","id":"cb671193-36f1-49c9-85bb-4ad70b05368d","facility":"23","timestamp":"2017-04-28T08:39:17.219457+00:00"}
{"severity":"7","body":"nova-compute - - -
2017-04-28 08:39:10.417 595544 DEBUG oslo_messaging._drivers.amqpdriver [-] received reply msg_id: d2ca267b09004fed8680fafe3be22855 __call__ /usr/lib/python2.7/site-packages/oslo_messaging/_drivers/amqpdriver.py:296","spriority":"191","hostname":"overcloud-compute-1","protocol":"TCP","port":"7790","sender":"/192.168.1.16","service":"Nova","id":"51a86f28-8616-464a-8a1a-f38af978eb8f","facility":"23","timestamp":"2017-04-28T08:39:17.219068+00:00"}
{"severity":"7","body":"nova-compute - - -
2017-04-28 08:39:14.763 595544 DEBUG oslo_messaging._drivers.amqpdriver [req-c4434725-9b8d-4fe3-b41c-fcf7b89869a5 - - - - -] CALL msg_id: b9ad6a48558d4aea84a490da199b145c exchange 'nova' topic 'conductor' _send /usr/lib/python2.7/site-packages/oslo_messaging/_drivers/amqpdriver.py:448","spriority":"191","hostname":"overcloud-compute-1","protocol":"TCP","port":"7790","sender":"/192.168.1.16","service":"Nova","id":"a4a35e8e-a0a7-4138-bdce-cc7ba7b2d619","facility":"23","timestamp":"2017-04-28T08:39:17.219083+00:00"}
{"severity":"7","body":"nova-compute - - -
2017-04-28 08:39:15.583 595544 DEBUG oslo_messaging._drivers.amqpdriver [req-c4434725-9b8d-4fe3-b41c-fcf7b89869a5 - - - - -] CALL msg_id: 6b618e551e1d4f7d9eb332052b511f6c exchange 'nova' topic 'conductor' _send /usr/lib/python2.7/site-packages/oslo_messaging/_drivers/amqpdriver.py:448","spriority":"191","hostname":"overcloud-compute-1","protocol":"TCP","port":"7790","sender":"/192.168.1.16","service":"Nova","id":"8e1c8773-c96b-4126-8e99-88eac996ba44","facility":"23","timestamp":"2017-04-28T08:39:17.219449+00:00"}
{"severity":"7","body":"nova-compute - - -
2017-04-28 08:39:15.201 595544 DEBUG nova.virt.libvirt.driver [req-c4434725-9b8d-4fe3-b41c-fcf7b89869a5 - - - - -] skipping disk /var/lib/nova/mnt/a08e6150ab9922334f3ecde96c6154b2/volume-284bca08-ee6c-48e8-8578-5c1b4ed64fef (vdd) as it is a volume _get_instance_disk_info /usr/lib/python2.7/site-packages/nova/virt/libvirt/driver.py:6776","spriority":"191","hostname":"overcloud-compute-1","protocol":"TCP","port":"7790","sender":"/192.168.1.16","service":"Nova","id":"bdf7f865-157c-4720-b99a-a177b6f27bb5","facility":"23","timestamp":"2017-04-28T08:39:17.219193+00:00"}
{"severity":"7","body":"nova-compute - - -
2017-04-28 08:39:15.202 595544 DEBUG nova.virt.libvirt.driver [req-c4434725-9b8d-4fe3-b41c-fcf7b89869a5 - - - - -] skipping disk /var/lib/nova/mnt/a08e6150ab9922334f3ecde96c6154b2/volume-340bdb81-cf4b-4b58-824d-8d6647dd9e70 (vdf) as it is a volume _get_instance_disk_info /usr/lib/python2.7/site-packages/nova/virt/libvirt/driver.py:6776","spriority":"191","hostname":"overcloud-compute-1","protocol":"TCP","port":"7790","sender":"/192.168.1.16","service":"Nova","id":"10304f70-139a-4ef4-aeac-4d19b2ca9055","facility":"23","timestamp":"2017-04-28T08:39:17.219204+00:00"}
{"severity":"7","body":"nova-compute - - -
